Component: ARM Compiler 5.06 update 7 (build 960) Tool: armlink [4d3601]

==============================================================================

Section Cross References

    startup_stm32f303xc.o(RESET) refers to startup_stm32f303xc.o(STACK) for __initial_sp
    startup_stm32f303xc.o(RESET) refers to startup_stm32f303xc.o(.text) for Reset_Handler
    startup_stm32f303xc.o(RESET) refers to stm32f3xx_it.o(i.NMI_Handler) for NMI_Handler
    startup_stm32f303xc.o(RESET) refers to context_rvds.o(.text) for HardFault_Handler
    startup_stm32f303xc.o(RESET) refers to stm32f3xx_it.o(i.MemManage_Handler) for MemManage_Handler
    startup_stm32f303xc.o(RESET) refers to stm32f3xx_it.o(i.BusFault_Handler) for BusFault_Handler
    startup_stm32f303xc.o(RESET) refers to stm32f3xx_it.o(i.UsageFault_Handler) for UsageFault_Handler
    startup_stm32f303xc.o(RESET) refers to stm32f3xx_it.o(i.DebugMon_Handler) for DebugMon_Handler
    startup_stm32f303xc.o(RESET) refers to board.o(i.SysTick_Handler) for SysTick_Handler
    startup_stm32f303xc.o(RESET) refers to usart.o(i.USART2_IRQHandler) for USART2_IRQHandler
    startup_stm32f303xc.o(RESET) refers to stm32f3xx_it.o(i.EXTI15_10_IRQHandler) for EXTI15_10_IRQHandler
    startup_stm32f303xc.o(.text) refers to system_stm32f3xx.o(i.SystemInit) for SystemInit
    startup_stm32f303xc.o(.text) refers to entry.o(.ARM.Collect$$$$00000000) for __main
    inv_mpu.o(i.accel_self_test) refers to inv_mpu.o(i.get_accel_prod_shift) for get_accel_prod_shift
    inv_mpu.o(i.get_accel_prod_shift) refers to func.o(i.HAL_i2c_read) for HAL_i2c_read
    inv_mpu.o(i.get_accel_prod_shift) refers to inv_mpu.o(.data) for .data
    inv_mpu.o(i.get_st_biases) refers to func.o(i.HAL_i2c_write) for HAL_i2c_write
    inv_mpu.o(i.get_st_biases) refers to thread.o(i.rt_thread_mdelay) for rt_thread_mdelay
    inv_mpu.o(i.get_st_biases) refers to func.o(i.HAL_i2c_read) for HAL_i2c_read
    inv_mpu.o(i.get_st_biases) refers to ldiv.o(.text) for __aeabi_ldivmod
    inv_mpu.o(i.get_st_biases) refers to inv_mpu.o(.data) for .data
    inv_mpu.o(i.gyro_self_test) refers to func.o(i.HAL_i2c_read) for HAL_i2c_read
    inv_mpu.o(i.gyro_self_test) refers to inv_mpu.o(.data) for .data
    inv_mpu.o(i.mpu_configure_fifo) refers to inv_mpu.o(i.set_int_enable) for set_int_enable
    inv_mpu.o(i.mpu_configure_fifo) refers to inv_mpu.o(i.mpu_reset_fifo) for mpu_reset_fifo
    inv_mpu.o(i.mpu_configure_fifo) refers to inv_mpu.o(.data) for .data
    inv_mpu.o(i.mpu_get_accel_fsr) refers to inv_mpu.o(.data) for .data
    inv_mpu.o(i.mpu_get_accel_reg) refers to func.o(i.HAL_i2c_read) for HAL_i2c_read
    inv_mpu.o(i.mpu_get_accel_reg) refers to inv_mpu.o(.data) for .data
    inv_mpu.o(i.mpu_get_accel_sens) refers to inv_mpu.o(.data) for .data
    inv_mpu.o(i.mpu_get_dmp_state) refers to inv_mpu.o(.data) for .data
    inv_mpu.o(i.mpu_get_fifo_config) refers to inv_mpu.o(.data) for .data
    inv_mpu.o(i.mpu_get_gyro_fsr) refers to inv_mpu.o(.data) for .data
    inv_mpu.o(i.mpu_get_gyro_reg) refers to func.o(i.HAL_i2c_read) for HAL_i2c_read
    inv_mpu.o(i.mpu_get_gyro_reg) refers to inv_mpu.o(.data) for .data
    inv_mpu.o(i.mpu_get_gyro_sens) refers to inv_mpu.o(.data) for .data
    inv_mpu.o(i.mpu_get_int_status) refers to func.o(i.HAL_i2c_read) for HAL_i2c_read
    inv_mpu.o(i.mpu_get_int_status) refers to inv_mpu.o(.data) for .data
    inv_mpu.o(i.mpu_get_lpf) refers to inv_mpu.o(.data) for .data
    inv_mpu.o(i.mpu_get_power_state) refers to inv_mpu.o(.data) for .data
    inv_mpu.o(i.mpu_get_sample_rate) refers to inv_mpu.o(.data) for .data
    inv_mpu.o(i.mpu_get_temperature) refers to func.o(i.HAL_i2c_read) for HAL_i2c_read
    inv_mpu.o(i.mpu_get_temperature) refers to inv_mpu.o(.data) for .data
    inv_mpu.o(i.mpu_init) refers to func.o(i.HAL_i2c_write) for HAL_i2c_write
    inv_mpu.o(i.mpu_init) refers to thread.o(i.rt_thread_mdelay) for rt_thread_mdelay
    inv_mpu.o(i.mpu_init) refers to func.o(i.HAL_i2c_read) for HAL_i2c_read
    inv_mpu.o(i.mpu_init) refers to printfa.o(i.__0printf) for __2printf
    inv_mpu.o(i.mpu_init) refers to inv_mpu.o(i.mpu_set_gyro_fsr) for mpu_set_gyro_fsr
    inv_mpu.o(i.mpu_init) refers to inv_mpu.o(i.mpu_set_accel_fsr) for mpu_set_accel_fsr
    inv_mpu.o(i.mpu_init) refers to inv_mpu.o(i.mpu_set_lpf) for mpu_set_lpf
    inv_mpu.o(i.mpu_init) refers to inv_mpu.o(i.mpu_set_sample_rate) for mpu_set_sample_rate
    inv_mpu.o(i.mpu_init) refers to inv_mpu.o(i.mpu_configure_fifo) for mpu_configure_fifo
    inv_mpu.o(i.mpu_init) refers to inv_mpu.o(i.mpu_set_bypass) for mpu_set_bypass
    inv_mpu.o(i.mpu_init) refers to inv_mpu.o(i.mpu_set_sensors) for mpu_set_sensors
    inv_mpu.o(i.mpu_init) refers to inv_mpu.o(.data) for .data
    inv_mpu.o(i.mpu_init) refers to inv_mpu.o(.conststring) for .conststring
    inv_mpu.o(i.mpu_load_firmware) refers to inv_mpu.o(i.mpu_write_mem) for mpu_write_mem
    inv_mpu.o(i.mpu_load_firmware) refers to inv_mpu.o(i.mpu_read_mem) for mpu_read_mem
[...]
    _rt_thread_init                          0x080047b1   Thumb Code   118  thread.o(i._rt_thread_init)
    i._rt_timer_remove                       0x08004830   Section        0  timer.o(i._rt_timer_remove)
    _rt_timer_remove                         0x08004831   Thumb Code    18  timer.o(i._rt_timer_remove)
    i.bpm_calculate                          0x08004844   Section        0  main.o(i.bpm_calculate)
    i.delay_us                               0x08004898   Section        0  main.o(i.delay_us)
    i.display_thread_entry                   0x080048a8   Section        0  main.o(i.display_thread_entry)
    display_thread_entry                     0x080048a9   Thumb Code   242  main.o(i.display_thread_entry)
    i.dmp_get_pedometer_step_count           0x080049d4   Section        0  inv_mpu_dmp_motion_driver.o(i.dmp_get_pedometer_step_count)
    i.fputc                                  0x08004a0c   Section        0  main.o(i.fputc)
    i.led_thread_entry                       0x08004a28   Section        0  main.o(i.led_thread_entry)
    led_thread_entry                         0x08004a29   Thumb Code    70  main.o(i.led_thread_entry)
    i.main                                   0x08004a78   Section        0  main.o(i.main)
    i.main_thread_entry                      0x08004c00   Section        0  components.o(i.main_thread_entry)
    i.maxim_peaks_above_min_height           0x08004c0e   Section        0  main.o(i.maxim_peaks_above_min_height)
    i.mpu6050_thread_entry                   0x08004c94   Section        0  main.o(i.mpu6050_thread_entry)
    mpu6050_thread_entry                     0x08004c95   Thumb Code   346  main.o(i.mpu6050_thread_entry)
    i.mpu_read_mem                           0x08004e80   Section        0  inv_mpu.o(i.mpu_read_mem)
    i.print_number                           0x08004ed4   Section        0  kservice.o(i.print_number)
    print_number                             0x08004ed5   Thumb Code   300  kservice.o(i.print_number)
    i.receive_thread_entry                   0x08005004   Section        0  main.o(i.receive_thread_entry)
    receive_thread_entry                     0x08005005   Thumb Code    76  main.o(i.receive_thread_entry)
    i.rt_application_init                    0x08005068   Section        0  components.o(i.rt_application_init)
    i.rt_components_board_init               0x080050a4   Section        0  components.o(i.rt_components_board_init)
    i.rt_components_init                     0x080050c0   Section        0  components.o(i.rt_components_init)
    i.rt_enter_critical                      0x080050dc   Section        0  scheduler.o(i.rt_enter_critical)
    i.rt_exit_critical                       0x080050f8   Section        0  scheduler.o(i.rt_exit_critical)
    i.rt_hw_board_init                       0x08005130   Section        0  board.o(i.rt_hw_board_init)
    i.rt_hw_console_output                   0x08005178   Section        0  kservice.o(i.rt_hw_console_output)
    i.rt_hw_hard_fault_exception             0x0800517c   Section        0  cpuport.o(i.rt_hw_hard_fault_exception)
    i.rt_hw_stack_init                       0x0800538c   Section        0  cpuport.o(i.rt_hw_stack_init)
    i.rt_interrupt_enter                     0x080053c8   Section        0  irq.o(i.rt_interrupt_enter)
    i.rt_interrupt_leave                     0x080053e4   Section        0  irq.o(i.rt_interrupt_leave)
    i.rt_kprintf                             0x08005400   Section        0  kservice.o(i.rt_kprintf)
    i.rt_list_insert_after                   0x08005420   Section        0  thread.o(i.rt_list_insert_after)
    rt_list_insert_after                     0x08005421   Thumb Code    14  thread.o(i.rt_list_insert_after)
    i.rt_list_insert_after                   0x0800542e   Section        0  timer.o(i.rt_list_insert_after)
    rt_list_insert_after                     0x0800542f   Thumb Code    14  timer.o(i.rt_list_insert_after)
    i.rt_list_remove                         0x0800543c   Section        0  thread.o(i.rt_list_remove)
    rt_list_remove                           0x0800543d   Thumb Code    18  thread.o(i.rt_list_remove)
    i.rt_memset                              0x08005450   Section        0  kservice.o(i.rt_memset)
    i.rt_object_detach                       0x08005496   Section        0  object.o(i.rt_object_detach)
    i.rt_object_get_information              0x080054bc   Section        0  object.o(i.rt_object_get_information)
    i.rt_object_init                         0x080054e0   Section        0  object.o(i.rt_object_init)
    i.rt_object_is_systemobject              0x08005532   Section        0  object.o(i.rt_object_is_systemobject)
    i.rt_schedule                            0x08005540   Section        0  scheduler.o(i.rt_schedule)
    i.rt_schedule_insert_thread              0x08005598   Section        0  scheduler.o(i.rt_schedule_insert_thread)
    i.rt_schedule_remove_thread              0x080055e8   Section        0  scheduler.o(i.rt_schedule_remove_thread)
    i.rt_show_version                        0x08005630   Section        0  kservice.o(i.rt_show_version)
    i.rt_strlen                              0x080056e0   Section        0  kservice.o(i.rt_strlen)
    i.rt_strncpy                             0x080056f0   Section        0  kservice.o(i.rt_strncpy)
    i.rt_system_scheduler_init               0x08005718   Section        0  scheduler.o(i.rt_system_scheduler_init)
    i.rt_system_scheduler_start              0x0800574c   Section        0  scheduler.o(i.rt_system_scheduler_start)
    i.rt_system_timer_init                   0x08005774   Section        0  timer.o(i.rt_system_timer_init)
    i.rt_system_timer_thread_init            0x08005780   Section        0  timer.o(i.rt_system_timer_thread_init)
    i.rt_thread_exit                         0x08005784   Section        0  thread.o(i.rt_thread_exit)
    i.rt_thread_idle_entry                   0x080057dc   Section        0  idle.o(i.rt_thread_idle_entry)
    rt_thread_idle_entry                     0x080057dd   Thumb Code     6  idle.o(i.rt_thread_idle_entry)
    i.rt_thread_idle_excute                  0x080057e4   Section        0  idle.o(i.rt_thread_idle_excute)
    i.rt_thread_idle_init                    0x08005850   Section        0  idle.o(i.rt_thread_idle_init)
    i.rt_thread_init                         0x08005888   Section        0  thread.o(i.rt_thread_init)
    i.rt_thread_mdelay                       0x080058b8   Section        0  thread.o(i.rt_thread_mdelay)
    i.rt_thread_resume                       0x080058c6   Section        0  thread.o(i.rt_thread_resume)
    i.rt_thread_self                         0x08005904   Section        0  thread.o(i.rt_thread_self)
    i.rt_thread_sleep                        0x08005910   Section        0  thread.o(i.rt_thread_sleep)
    i.rt_thread_startup                      0x08005950   Section        0  thread.o(i.rt_thread_startup)
    i.rt_thread_suspend                      0x0800597c   Section        0  thread.o(i.rt_thread_suspend)
    i.rt_thread_timeout                      0x080059be   Section        0  thread.o(i.rt_thread_timeout)
    i.rt_thread_yield                        0x080059e0   Section        0  thread.o(i.rt_thread_yield)
    i.rt_tick_from_millisecond               0x08005a40   Section        0  clock.o(i.rt_tick_from_millisecond)
    i.rt_tick_get                            0x08005a74   Section        0  clock.o(i.rt_tick_get)
    i.rt_tick_increase                       0x08005a80   Section        0  clock.o(i.rt_tick_increase)
    i.rt_timer_check                         0x08005aac   Section        0  timer.o(i.rt_timer_check)
    i.rt_timer_control                       0x08005b14   Section        0  timer.o(i.rt_timer_control)
    i.rt_timer_detach                        0x08005b44   Section        0  timer.o(i.rt_timer_detach)
    i.rt_timer_init                          0x08005b64   Section        0  timer.o(i.rt_timer_init)
    i.rt_timer_start                         0x08005b94   Section        0  timer.o(i.rt_timer_start)
    i.rt_timer_stop                          0x08005c20   Section        0  timer.o(i.rt_timer_stop)
    i.rt_vsnprintf                           0x08005c50   Section        0  kservice.o(i.rt_vsnprintf)
    i.rti_board_end                          0x08005ecc   Section        0  components.o(i.rti_board_end)
    rti_board_end                            0x08005ecd   Thumb Code     4  components.o(i.rti_board_end)
    i.rti_board_start                        0x08005ed0   Section        0  components.o(i.rti_board_start)
    rti_board_start                          0x08005ed1   Thumb Code     4  components.o(i.rti_board_start)
    i.rti_end                                0x08005ed4   Section        0  components.o(i.rti_end)
    rti_end                                  0x08005ed5   Thumb Code     4  components.o(i.rti_end)
    i.rti_start                              0x08005ed8   Section        0  components.o(i.rti_start)
    rti_start                                0x08005ed9   Thumb Code     4  components.o(i.rti_start)
    i.rtthread_startup                       0x08005edc   Section        0  components.o(i.rtthread_startup)
    i.sendend                                0x08005f08   Section        0  main.o(i.sendend)
    i.skip_atoi                              0x08005f40   Section        0  kservice.o(i.skip_atoi)
    skip_atoi                                0x08005f41   Thumb Code    40  kservice.o(i.skip_atoi)
    i.upload_thread_entry                    0x08005f68   Section        0  main.o(i.upload_thread_entry)
    upload_thread_entry                      0x08005f69   Thumb Code   248  main.o(i.upload_thread_entry)
    .constdata                               0x080060fc   Section       27  inv_mpu.o(.constdata)
    .constdata                               0x08006118   Section       12  inv_mpu.o(.constdata)
    .constdata                               0x08006124   Section       40  inv_mpu.o(.constdata)
    .constdata                               0x0800614c   Section     1032  main.o(.constdata)
    .constdata                               0x08006554   Section       32  stm32f3xx_hal_rcc.o(.constdata)
    .constdata                               0x08006574   Section       16  system_stm32f3xx.o(.constdata)
    .constdata                               0x08006584   Section        8  system_stm32f3xx.o(.constdata)
    .constdata                               0x0800658c   Section      290  kservice.o(.constdata)
    small_digits                             0x0800668c   Data          17  kservice.o(.constdata)
    large_digits                             0x0800669d   Data          17  kservice.o(.constdata)
    .rti_fn.0                                0x080066b0   Section        4  components.o(.rti_fn.0)
    __tagsym$$used                           0x080066b0   Number         0  components.o(.rti_fn.0)
    .rti_fn.0.end                            0x080066b4   Section        4  components.o(.rti_fn.0.end)
    __tagsym$$used                           0x080066b4   Number         0  components.o(.rti_fn.0.end)
    .rti_fn.1.end                            0x080066b8   Section        4  components.o(.rti_fn.1.end)
    __tagsym$$used                           0x080066b8   Number         0  components.o(.rti_fn.1.end)
    .rti_fn.6.end                            0x080066bc   Section        4  components.o(.rti_fn.6.end)
    __tagsym$$used                           0x080066bc   Number         0  components.o(.rti_fn.6.end)
    .data                                    0x20000000   Section       44  inv_mpu.o(.data)
    st                                       0x20000000   Data          44  inv_mpu.o(.data)
    .data                                    0x2000002c   Section       16  ads1118.o(.data)
    .data                                    0x2000003c   Section       31  ads1292.o(.data)
    .data                                    0x2000005c   Section       80  main.o(.data)
    Input_data2                              0x20000098   Data           4  main.o(.data)
    Output_data2                             0x2000009c   Data           4  main.o(.data)
    .data                                    0x200000ac   Section        4  usart.o(.data)
    .data                                    0x200000b0   Section       12  stm32f3xx_hal.o(.data)
    .data                                    0x200000bc   Section        4  system_stm32f3xx.o(.data)
    .data                                    0x200000c0   Section        4  clock.o(.data)
    rt_tick                                  0x200000c0   Data           4  clock.o(.data)
    .data                                    0x200000c4   Section        1  irq.o(.data)
    .data                                    0x200000c8   Section       48  object.o(.data)
    rt_object_container                      0x200000c8   Data          48  object.o(.data)
    .data                                    0x200000f8   Section       20  scheduler.o(.data)
    rt_scheduler_lock_nest                   0x200000fa   Data           2  scheduler.o(.data)
    .data                                    0x2000010c   Section       12  timer.o(.data)
    random_nr                                0x2000010c   Data           4  timer.o(.data)
    rt_timer_list                            0x20000110   Data           8  timer.o(.data)
    .data                                    0x20000118   Section        4  cpuport.o(.data)
    rt_exception_hook                        0x20000118   Data           4  cpuport.o(.data)
    .data                                    0x2000011c   Section        4  cpuport.o(.data)
    .data                                    0x20000120   Section        4  cpuport.o(.data)
    .data                                    0x20000124   Section        4  cpuport.o(.data)
    .data                                    0x20000128   Section        4  stdout.o(.data)
    .bss                                     0x2000012c   Section       32  ads1118.o(.bss)
    .bss                                     0x2000014c   Section       12  ads1292.o(.bss)
    .bss                                     0x20000158   Section    23728  main.o(.bss)
    led_thread                               0x20000158   Data         120  main.o(.bss)
    led_thread_stack                         0x200001d0   Data        1024  main.o(.bss)
    upload_thread                            0x200005d0   Data         120  main.o(.bss)
    upload_thread_stack                      0x20000648   Data        8000  main.o(.bss)
    display_thread                           0x20002588   Data         120  main.o(.bss)
    display_thread_stack                     0x20002600   Data        1024  main.o(.bss)
    receive_thread                           0x20002a00   Data         120  main.o(.bss)
    receive_thread_stack                     0x20002a78   Data        1024  main.o(.bss)
    firState1                                0x200034b8   Data         516  main.o(.bss)
    firState2                                0x200036bc   Data         516  main.o(.bss)
    mpu6050_thread                           0x20004a08   Data         120  main.o(.bss)
    mpu6050_thread_stack                     0x20004a80   Data        5000  main.o(.bss)
    .bss                                     0x20005e08   Section       76  i2c.o(.bss)
    .bss                                     0x20005e54   Section      200  spi.o(.bss)
    .bss                                     0x20005f1c   Section      464  usart.o(.bss)
    .bss                                     0x200060f0   Section     1144  components.o(.bss)
    main_stack                               0x200060f0   Data        1024  components.o(.bss)
    .bss                                     0x20006568   Section      248  idle.o(.bss)
    idle                                     0x20006568   Data         120  idle.o(.bss)
    rt_thread_stack                          0x200065e0   Data         128  idle.o(.bss)
    .bss                                     0x20006660   Section      128  kservice.o(.bss)
    rt_log_buf                               0x20006660   Data         128  kservice.o(.bss)
    .bss                                     0x200066e0   Section      256  scheduler.o(.bss)
    STACK                                    0x200067e0   Section     1024  startup_stm32f303xc.o(STACK)

    Global Symbols

    Symbol Name                              Value     Ov Type        Size  Object(Section)

    BuildAttributes$$THM_ISAv4$E$P$D$K$B$S$7EM$VFPi3$EXTD16$VFPS$VFMA$PE$A:L22UL41UL21$X:L11$S22US41US21$IEEE1$IW$USESV6$~STKCKD$USESV7$~SHL$OTIME$ROPI$IEEEX$EBA8$MICROLIB$REQ8$PRES8$EABIv2 0x00000000   Number         0  anon$$obj.o ABSOLUTE
    __ARM_use_no_argv                        0x00000000   Number         0  main.o ABSOLUTE
    _printf_a                                0x00000000   Number         0  stubs.o ABSOLUTE
    _printf_c                                0x00000000   Number         0  stubs.o ABSOLUTE
    _printf_charcount                        0x00000000   Number         0  stubs.o ABSOLUTE
    _printf_d                                0x00000000   Number         0  stubs.o ABSOLUTE
    _printf_e                                0x00000000   Number         0  stubs.o ABSOLUTE
    _printf_f                                0x00000000   Number         0  stubs.o ABSOLUTE
    _printf_flags                            0x00000000   Number         0  stubs.o ABSOLUTE
    _printf_fp_dec                           0x00000000   Number         0  stubs.o ABSOLUTE
    _printf_fp_hex                           0x00000000   Number         0  stubs.o ABSOLUTE
    _printf_g                                0x00000000   Number         0  stubs.o ABSOLUTE
    _printf_i                                0x00000000   Number         0  stubs.o ABSOLUTE
    _printf_int_dec                          0x00000000   Number         0  stubs.o ABSOLUTE
    _printf_l                                0x00000000   Number         0  stubs.o ABSOLUTE
    _printf_lc                               0x00000000   Number         0  stubs.o ABSOLUTE
    _printf_ll                               0x00000000   Number         0  stubs.o ABSOLUTE
    _printf_lld                              0x00000000   Number         0  stubs.o ABSOLUTE
    _printf_lli                              0x00000000   Number         0  stubs.o ABSOLUTE
    _printf_llo                              0x00000000   Number         0  stubs.o ABSOLUTE
    _printf_llu                              0x00000000   Number         0  stubs.o ABSOLUTE
    _printf_llx                              0x00000000   Number         0  stubs.o ABSOLUTE
    _printf_longlong_dec                     0x00000000   Number         0  stubs.o ABSOLUTE
    _printf_longlong_hex                     0x00000000   Number         0  stubs.o ABSOLUTE
    _printf_longlong_oct                     0x00000000   Number         0  stubs.o ABSOLUTE
    _printf_ls                               0x00000000   Number         0  stubs.o ABSOLUTE
    _printf_mbtowc                           0x00000000   Number         0  stubs.o ABSOLUTE
    _printf_n                                0x00000000   Number         0  stubs.o ABSOLUTE
    _printf_o                                0x00000000   Number         0  stubs.o ABSOLUTE
    _printf_p                                0x00000000   Number         0  stubs.o ABSOLUTE
    _printf_percent                          0x00000000   Number         0  stubs.o ABSOLUTE
    _printf_pre_padding                      0x00000000   Number         0  stubs.o ABSOLUTE
    _printf_return_value                     0x00000000   Number         0  stubs.o ABSOLUTE
    _printf_s                                0x00000000   Number         0  stubs.o ABSOLUTE
    _printf_sizespec                         0x00000000   Number         0  stubs.o ABSOLUTE
    _printf_str                              0x00000000   Number         0  stubs.o ABSOLUTE
    _printf_truncate_signed                  0x00000000   Number         0  stubs.o ABSOLUTE
    _printf_truncate_unsigned                0x00000000   Number         0  stubs.o ABSOLUTE
    _printf_u                                0x00000000   Number         0  stubs.o ABSOLUTE
    _printf_wc                               0x00000000   Number         0  stubs.o ABSOLUTE
    _printf_wctomb                           0x00000000   Number         0  stubs.o ABSOLUTE
    _printf_widthprec                        0x00000000   Number         0  stubs.o ABSOLUTE
    _printf_x                                0x00000000   Number         0  stubs.o ABSOLUTE
    __arm_fini_                               - Undefined Weak Reference
    __cpp_initialize__aeabi_                  - Undefined Weak Reference
    __cxa_finalize                            - Undefined Weak Reference
    _clock_init                               - Undefined Weak Reference
    _microlib_exit                            - Undefined Weak Reference
    __Vectors_Size                           0x00000188   Number         0  startup_stm32f303xc.o ABSOLUTE
    __Vectors                                0x08000000   Data           4  startup_stm32f303xc.o(RESET)
    __Vectors_End                            0x08000188   Data           0  startup_stm32f303xc.o(RESET)
    __main                                   0x08000189   Thumb Code     0  entry.o(.ARM.Collect$$$$00000000)
    _main_stk                                0x08000189   Thumb Code     0  entry2.o(.ARM.Collect$$$$00000001)
    _main_scatterload                        0x0800018d   Thumb Code     0  entry5.o(.ARM.Collect$$$$00000004)
    __main_after_scatterload                 0x08000191   Thumb Code     0  entry5.o(.ARM.Collect$$$$00000004)
    _main_clock                              0x08000191   Thumb Code     0  entry7b.o(.ARM.Collect$$$$00000008)
    _main_cpp_init                           0x08000191   Thumb Code     0  entry8b.o(.ARM.Collect$$$$0000000A)
    _main_init                               0x08000191   Thumb Code     0  entry9a.o(.ARM.Collect$$$$0000000B)
    __rt_lib_shutdown_fini                   0x08000199   Thumb Code     0  entry12b.o(.ARM.Collect$$$$0000000E)
    __rt_final_cpp                           0x0800019d   Thumb Code     0  entry10a.o(.ARM.Collect$$$$0000000F)
    __rt_final_exit                          0x0800019d   Thumb Code     0  entry11a.o(.ARM.Collect$$$$00000011)
    Reset_Handler                            0x080001a1   Thumb Code     8  startup_stm32f303xc.o(.text)
    SVC_Handler                              0x080001b3   Thumb Code     2  startup_stm32f303xc.o(.text)
    ADC1_2_IRQHandler                        0x080001bb   Thumb Code     0  startup_stm32f303xc.o(.text)
    ADC3_IRQHandler                          0x080001bb   Thumb Code     0  startup_stm32f303xc.o(.text)
    ADC4_IRQHandler                          0x080001bb   Thumb Code     0  startup_stm32f303xc.o(.text)
    CAN_RX1_IRQHandler                       0x080001bb   Thumb Code     0  startup_stm32f303xc.o(.text)
    CAN_SCE_IRQHandler                       0x080001bb   Thumb Code     0  startup_stm32f303xc.o(.text)
    COMP1_2_3_IRQHandler                     0x080001bb   Thumb Code     0  startup_stm32f303xc.o(.text)
    COMP4_5_6_IRQHandler                     0x080001bb   Thumb Code     0  startup_stm32f303xc.o(.text)
    COMP7_IRQHandler                         0x080001bb   Thumb Code     0  startup_stm32f303xc.o(.text)
    DMA1_Channel1_IRQHandler                 0x080001bb   Thumb Code     0  startup_stm32f303xc.o(.text)
    DMA1_Channel2_IRQHandler                 0x080001bb   Thumb Code     0  startup_stm32f303xc.o(.text)
    DMA1_Channel3_IRQHandler                 0x080001bb   Thumb Code     0  startup_stm32f303xc.o(.text)
    DMA1_Channel4_IRQHandler                 0x080001bb   Thumb Code     0  startup_stm32f303xc.o(.text)
    DMA1_Channel5_IRQHandler                 0x080001bb   Thumb Code     0  startup_stm32f303xc.o(.text)
    DMA1_Channel6_IRQHandler                 0x080001bb   Thumb Code     0  startup_stm32f303xc.o(.text)
    DMA1_Channel7_IRQHandler                 0x080001bb   Thumb Code     0  startup_stm32f303xc.o(.text)
    DMA2_Channel1_IRQHandler                 0x080001bb   Thumb Code     0  startup_stm32f303xc.o(.text)
    DMA2_Channel2_IRQHandler                 0x080001bb   Thumb Code     0  startup_stm32f303xc.o(.text)
    DMA2_Channel3_IRQHandler                 0x080001bb   Thumb Code     0  startup_stm32f303xc.o(.text)
    DMA2_Channel4_IRQHandler                 0x080001bb   Thumb Code     0  startup_stm32f303xc.o(.text)
    DMA2_Channel5_IRQHandler                 0x080001bb   Thumb Code     0  startup_stm32f303xc.o(.text)
    EXTI0_IRQHandler                         0x080001bb   Thumb Code     0  startup_stm32f303xc.o(.text)
    EXTI1_IRQHandler                         0x080001bb   Thumb Code     0  startup_stm32f303xc.o(.text)
    EXTI2_TSC_IRQHandler                     0x080001bb   Thumb Code     0  startup_stm32f303xc.o(.text)
    EXTI3_IRQHandler                         0x080001bb   Thumb Code     0  startup_stm32f303xc.o(.text)
    EXTI4_IRQHandler                         0x080001bb   Thumb Code     0  startup_stm32f303xc.o(.text)
    EXTI9_5_IRQHandler                       0x080001bb   Thumb Code     0  startup_stm32f303xc.o(.text)
    FLASH_IRQHandler                         0x080001bb   Thumb Code     0  startup_stm32f303xc.o(.text)
    FPU_IRQHandler                           0x080001bb   Thumb Code     0  startup_stm32f303xc.o(.text)
    I2C1_ER_IRQHandler                       0x080001bb   Thumb Code     0  startup_stm32f303xc.o(.text)
    I2C1_EV_IRQHandler                       0x080001bb   Thumb Code     0  startup_stm32f303xc.o(.text)
    I2C2_ER_IRQHandler                       0x080001bb   Thumb Code     0  startup_stm32f303xc.o(.text)
    I2C2_EV_IRQHandler                       0x080001bb   Thumb Code     0  startup_stm32f303xc.o(.text)
    PVD_IRQHandler                           0x080001bb   Thumb Code     0  startup_stm32f303xc.o(.text)
    RCC_IRQHandler                           0x080001bb   Thumb Code     0  startup_stm32f303xc.o(.text)
    RTC_Alarm_IRQHandler                     0x080001bb   Thumb Code     0  startup_stm32f303xc.o(.text)
    RTC_WKUP_IRQHandler                      0x080001bb   Thumb Code     0  startup_stm32f303xc.o(.text)
    SPI1_IRQHandler                          0x080001bb   Thumb Code     0  startup_stm32f303xc.o(.text)
    SPI2_IRQHandler                          0x080001bb   Thumb Code     0  startup_stm32f303xc.o(.text)
    SPI3_IRQHandler                          0x080001bb   Thumb Code     0  startup_stm32f303xc.o(.text)
    TAMP_STAMP_IRQHandler                    0x080001bb   Thumb Code     0  startup_stm32f303xc.o(.text)
    TIM1_BRK_TIM15_IRQHandler                0x080001bb   Thumb Code     0  startup_stm32f303xc.o(.text)
    TIM1_CC_IRQHandler                       0x080001bb   Thumb Code     0  startup_stm32f303xc.o(.text)
    TIM1_TRG_COM_TIM17_IRQHandler            0x080001bb   Thumb Code     0  startup_stm32f303xc.o(.text)
    TIM1_UP_TIM16_IRQHandler                 0x080001bb   Thumb Code     0  startup_stm32f303xc.o(.text)
    TIM2_IRQHandler                          0x080001bb   Thumb Code     0  startup_stm32f303xc.o(.text)
    TIM3_IRQHandler                          0x080001bb   Thumb Code     0  startup_stm32f303xc.o(.text)
    TIM4_IRQHandler                          0x080001bb   Thumb Code     0  startup_stm32f303xc.o(.text)
    TIM6_DAC_IRQHandler                      0x080001bb   Thumb Code     0  startup_stm32f303xc.o(.text)
    TIM7_IRQHandler                          0x080001bb   Thumb Code     0  startup_stm32f303xc.o(.text)
    TIM8_BRK_IRQHandler                      0x080001bb   Thumb Code     0  startup_stm32f303xc.o(.text)
    TIM8_CC_IRQHandler                       0x080001bb   Thumb Code     0  startup_stm32f303xc.o(.text)
    TIM8_TRG_COM_IRQHandler                  0x080001bb   Thumb Code     0  startup_stm32f303xc.o(.text)
    TIM8_UP_IRQHandler                       0x080001bb   Thumb Code     0  startup_stm32f303xc.o(.text)
    UART4_IRQHandler                         0x080001bb   Thumb Code     0  startup_stm32f303xc.o(.text)
    UART5_IRQHandler                         0x080001bb   Thumb Code     0  startup_stm32f303xc.o(.text)
    USART1_IRQHandler                        0x080001bb   Thumb Code     0  startup_stm32f303xc.o(.text)
    USART3_IRQHandler                        0x080001bb   Thumb Code     0  startup_stm32f303xc.o(.text)
    USBWakeUp_IRQHandler                     0x080001bb   Thumb Code     0  startup_stm32f303xc.o(.text)
    USBWakeUp_RMP_IRQHandler                 0x080001bb   Thumb Code     0  startup_stm32f303xc.o(.text)
    USB_HP_CAN_TX_IRQHandler                 0x080001bb   Thumb Code     0  startup_stm32f303xc.o(.text)
    USB_HP_IRQHandler                        0x080001bb   Thumb Code     0  startup_stm32f303xc.o(.text)
    USB_LP_CAN_RX0_IRQHandler                0x080001bb   Thumb Code     0  startup_stm32f303xc.o(.text)
    USB_LP_IRQHandler                        0x080001bb   Thumb Code     0  startup_stm32f303xc.o(.text)
    WWDG_IRQHandler                          0x080001bb   Thumb Code     0  startup_stm32f303xc.o(.text)
    rt_hw_interrupt_disable                  0x080001c5   Thumb Code     8  context_rvds.o(.text)
    rt_hw_interrupt_enable                   0x080001cd   Thumb Code     6  context_rvds.o(.text)
    rt_hw_context_switch                     0x080001d3   Thumb Code    32  context_rvds.o(.text)
    rt_hw_context_switch_interrupt           0x080001d3   Thumb Code     0  context_rvds.o(.text)
    PendSV_Handler                           0x080001f3   Thumb Code   108  context_rvds.o(.text)
    rt_hw_context_switch_to                  0x0800025f   Thumb Code    70  context_rvds.o(.text)
    rt_hw_interrupt_thread_switch            0x080002a5   Thumb Code     2  context_rvds.o(.text)
    HardFault_Handler                        0x080002a7   Thumb Code    56  context_rvds.o(.text)
    arm_fir_f32                              0x080002f9   Thumb Code  1330  arm_fir_f32.o(.text)
    arm_fir_init_f32                         0x0800082b   Thumb Code    28  arm_fir_init_f32.o(.text)
    __aeabi_uldivmod                         0x08000847   Thumb Code    98  uldiv.o(.text)
    __aeabi_llsr                             0x080008a9   Thumb Code    32  llushr.o(.text)
    _ll_ushift_r                             0x080008a9   Thumb Code     0  llushr.o(.text)
    __aeabi_memset                           0x080008c9   Thumb Code    14  memseta.o(.text)
    __aeabi_memset4                          0x080008c9   Thumb Code     0  memseta.o(.text)
    __aeabi_memset8                          0x080008c9   Thumb Code     0  memseta.o(.text)
    __aeabi_memclr                           0x080008d7   Thumb Code     4  memseta.o(.text)
    __aeabi_memclr4                          0x080008d7   Thumb Code     0  memseta.o(.text)
    __aeabi_memclr8                          0x080008d7   Thumb Code     0  memseta.o(.text)
    _memset$wrapper                          0x080008db   Thumb Code    18  memseta.o(.text)
    __aeabi_dadd                             0x080008ed   Thumb Code   322  dadd.o(.text)
    __aeabi_dsub                             0x08000a2f   Thumb Code     6  dadd.o(.text)
    __aeabi_drsub                            0x08000a35   Thumb Code     6  dadd.o(.text)
    __aeabi_dmul                             0x08000a3b   Thumb Code   228  dmul.o(.text)
    __aeabi_ddiv                             0x08000b1f   Thumb Code   222  ddiv.o(.text)
    __aeabi_i2d                              0x08000bfd   Thumb Code    34  dflti.o(.text)
    __aeabi_f2d                              0x08000c1f   Thumb Code    38  f2d.o(.text)
    __aeabi_d2f                              0x08000c45   Thumb Code    56  d2f.o(.text)
    __aeabi_uidiv                            0x08000c7d   Thumb Code     0  uidiv.o(.text)
    __aeabi_uidivmod                         0x08000c7d   Thumb Code    44  uidiv.o(.text)
    __aeabi_llsl                             0x08000ca9   Thumb Code    30  llshl.o(.text)
    _ll_shift_l                              0x08000ca9   Thumb Code     0  llshl.o(.text)
    __aeabi_lasr                             0x08000cc7   Thumb Code    36  llsshr.o(.text)
    _ll_sshift_r                             0x08000cc7   Thumb Code     0  llsshr.o(.text)
    __I$use$fp                               0x08000ceb   Thumb Code     0  iusefp.o(.text)
    _float_round                             0x08000ceb   Thumb Code    18  fepilogue.o(.text)
    _float_epilogue                          0x08000cfd   Thumb Code    92  fepilogue.o(.text)
    _double_round                            0x08000d59   Thumb Code    30  depilogue.o(.text)
    _double_epilogue                         0x08000d77   Thumb Code   156  depilogue.o(.text)
    __aeabi_d2ulz                            0x08000e13   Thumb Code    48  dfixul.o(.text)
    __aeabi_cdrcmple                         0x08000e45   Thumb Code    48  cdrcmple.o(.text)
    __scatterload                            0x08000e75   Thumb Code    28  init.o(.text)
    __scatterload_rt2                        0x08000e75   Thumb Code     0  init.o(.text)
    __decompress                             0x08000e99   Thumb Code     0  __dczerorl2.o(.text)
    __decompress1                            0x08000e99   Thumb Code    86  __dczerorl2.o(.text)
    main                                     0x08000eef   Thumb Code    10  components.o(i.$Sub$$main)
    ADS1118Init                              0x08000ef9   Thumb Code    56  ads1118.o(i.ADS1118Init)
    ADS1292_PowerOnInit                      0x08000f39   Thumb Code   362  ads1292.o(i.ADS1292_PowerOnInit)
    ADS1292_Read_Reg                         0x080010ad   Thumb Code    70  ads1292.o(i.ADS1292_Read_Reg)
    ADS1292_SET_REGBUFF                      0x080010f9   Thumb Code   256  ads1292.o(i.ADS1292_SET_REGBUFF)
    ADS1292_SPI                              0x08001201   Thumb Code     4  ads1292.o(i.ADS1292_SPI)
    ADS1292_Single_Read                      0x08001205   Thumb Code    34  ads1292.o(i.ADS1292_Single_Read)
    ADS1292_WRITE_REGBUFF                    0x0800122d   Thumb Code    78  ads1292.o(i.ADS1292_WRITE_REGBUFF)
    ADS1292_WR_REGS                          0x08001281   Thumb Code   136  ads1292.o(i.ADS1292_WR_REGS)
    ADS1292_Write_Reg                        0x0800130d   Thumb Code    74  ads1292.o(i.ADS1292_Write_Reg)
    BusFault_Handler                         0x0800135d   Thumb Code     2  stm32f3xx_it.o(i.BusFault_Handler)
    DebugMon_Handler                         0x0800135f   Thumb Code     2  stm32f3xx_it.o(i.DebugMon_Handler)
    EXTI15_10_IRQHandler                     0x08001361   Thumb Code     8  stm32f3xx_it.o(i.EXTI15_10_IRQHandler)
    Error_Handler                            0x08001369   Thumb Code     4  main.o(i.Error_Handler)
    HAL_DMA_Abort                            0x0800136d   Thumb Code    70  stm32f3xx_hal_dma.o(i.HAL_DMA_Abort)
    HAL_DMA_Abort_IT                         0x080013b3   Thumb Code    74  stm32f3xx_hal_dma.o(i.HAL_DMA_Abort_IT)
    HAL_Delay                                0x080013fd   Thumb Code    32  stm32f3xx_hal.o(i.HAL_Delay)
    HAL_GPIO_EXTI_Callback                   0x08001421   Thumb Code   244  main.o(i.HAL_GPIO_EXTI_Callback)
    HAL_GPIO_EXTI_IRQHandler                 0x08001525   Thumb Code    18  stm32f3xx_hal_gpio.o(i.HAL_GPIO_EXTI_IRQHandler)
    HAL_GPIO_Init                            0x0800153d   Thumb Code   412  stm32f3xx_hal_gpio.o(i.HAL_GPIO_Init)
    HAL_GPIO_TogglePin                       0x080016f5   Thumb Code    16  stm32f3xx_hal_gpio.o(i.HAL_GPIO_TogglePin)
    HAL_GPIO_WritePin                        0x08001705   Thumb Code    10  stm32f3xx_hal_gpio.o(i.HAL_GPIO_WritePin)
    HAL_GetTick                              0x08001711   Thumb Code     6  stm32f3xx_hal.o(i.HAL_GetTick)
    HAL_I2CEx_ConfigAnalogFilter             0x0800171d   Thumb Code    86  stm32f3xx_hal_i2c_ex.o(i.HAL_I2CEx_ConfigAnalogFilter)
    HAL_I2CEx_ConfigDigitalFilter            0x08001773   Thumb Code    82  stm32f3xx_hal_i2c_ex.o(i.HAL_I2CEx_ConfigDigitalFilter)
    HAL_I2C_Init                             0x080017c5   Thumb Code   178  stm32f3xx_hal_i2c.o(i.HAL_I2C_Init)
    HAL_I2C_Mem_Read                         0x0800187d   Thumb Code   346  stm32f3xx_hal_i2c.o(i.HAL_I2C_Mem_Read)
    HAL_I2C_Mem_Write                        0x080019e1   Thumb Code   340  stm32f3xx_hal_i2c.o(i.HAL_I2C_Mem_Write)
    HAL_I2C_MspInit                          0x08001b39   Thumb Code    88  i2c.o(i.HAL_I2C_MspInit)
    HAL_IncTick                              0x08001b9d   Thumb Code    12  stm32f3xx_hal.o(i.HAL_IncTick)
    HAL_Init                                 0x08001bad   Thumb Code    32  stm32f3xx_hal.o(i.HAL_Init)
    HAL_InitTick                             0x08001bd1   Thumb Code    54  stm32f3xx_hal.o(i.HAL_InitTick)
    HAL_MspInit                              0x08001c11   Thumb Code    44  stm32f3xx_hal_msp.o(i.HAL_MspInit)
    HAL_NVIC_EnableIRQ                       0x08001c41   Thumb Code    26  stm32f3xx_hal_cortex.o(i.HAL_NVIC_EnableIRQ)
    HAL_NVIC_SetPriority                     0x08001c5d   Thumb Code    60  stm32f3xx_hal_cortex.o(i.HAL_NVIC_SetPriority)
    HAL_NVIC_SetPriorityGrouping             0x08001c9d   Thumb Code    26  stm32f3xx_hal_cortex.o(i.HAL_NVIC_SetPriorityGrouping)
    HAL_RCCEx_PeriphCLKConfig                0x08001cc1   Thumb Code   522  stm32f3xx_hal_rcc_ex.o(i.HAL_RCCEx_PeriphCLKConfig)
    HAL_RCC_ClockConfig                      0x08001ed9   Thumb Code   308  stm32f3xx_hal_rcc.o(i.HAL_RCC_ClockConfig)
    HAL_RCC_GetPCLK1Freq                     0x08002021   Thumb Code    34  stm32f3xx_hal_rcc.o(i.HAL_RCC_GetPCLK1Freq)
    HAL_RCC_GetPCLK2Freq                     0x08002051   Thumb Code    34  stm32f3xx_hal_rcc.o(i.HAL_RCC_GetPCLK2Freq)
    HAL_RCC_GetSysClockFreq                  0x08002081   Thumb Code    92  stm32f3xx_hal_rcc.o(i.HAL_RCC_GetSysClockFreq)
    HAL_RCC_OscConfig                        0x080020ed   Thumb Code  1480  stm32f3xx_hal_rcc.o(i.HAL_RCC_OscConfig)
    HAL_SPI_Init                             0x080026b5   Thumb Code   234  stm32f3xx_hal_spi.o(i.HAL_SPI_Init)
    HAL_SPI_MspInit                          0x080027a1   Thumb Code   166  spi.o(i.HAL_SPI_MspInit)
    HAL_SPI_TransmitReceive                  0x0800285d   Thumb Code   610  stm32f3xx_hal_spi.o(i.HAL_SPI_TransmitReceive)
    HAL_SYSTICK_Config                       0x08002abf   Thumb Code    40  stm32f3xx_hal_cortex.o(i.HAL_SYSTICK_Config)
    HAL_UARTEx_RxEventCallback               0x08002ae7   Thumb Code     2  stm32f3xx_hal_uart.o(i.HAL_UARTEx_RxEventCallback)
    HAL_UARTEx_WakeupCallback                0x08002ae9   Thumb Code     2  stm32f3xx_hal_uart_ex.o(i.HAL_UARTEx_WakeupCallback)
    HAL_UART_ErrorCallback                   0x08002aeb   Thumb Code     2  stm32f3xx_hal_uart.o(i.HAL_UART_ErrorCallback)
    HAL_UART_GetState                        0x08002aed   Thumb Code    10  stm32f3xx_hal_uart.o(i.HAL_UART_GetState)
    HAL_UART_IRQHandler                      0x08002af9   Thumb Code   558  stm32f3xx_hal_uart.o(i.HAL_UART_IRQHandler)
    HAL_UART_Init                            0x08002d31   Thumb Code   102  stm32f3xx_hal_uart.o(i.HAL_UART_Init)
    HAL_UART_MspInit                         0x08002d99   Thumb Code   166  usart.o(i.HAL_UART_MspInit)
    HAL_UART_Receive_IT                      0x08002e51   Thumb Code    62  stm32f3xx_hal_uart.o(i.HAL_UART_Receive_IT)
    HAL_UART_RxCpltCallback                  0x08002e91   Thumb Code    76  usart.o(i.HAL_UART_RxCpltCallback)
    HAL_UART_Transmit                        0x08002ee9   Thumb Code   182  stm32f3xx_hal_uart.o(i.HAL_UART_Transmit)
    HAL_UART_TxCpltCallback                  0x08002f9f   Thumb Code     2  stm32f3xx_hal_uart.o(i.HAL_UART_TxCpltCallback)
    HAL_i2c_read                             0x08002fa1   Thumb Code    48  func.o(i.HAL_i2c_read)
    HAL_i2c_write                            0x08002fd5   Thumb Code    44  func.o(i.HAL_i2c_write)
    MX_GPIO_Init                             0x08003295   Thumb Code   336  gpio.o(i.MX_GPIO_Init)
    MX_I2C1_Init                             0x080033fd   Thumb Code    76  i2c.o(i.MX_I2C1_Init)
    MX_SPI1_Init                             0x08003455   Thumb Code    70  spi.o(i.MX_SPI1_Init)
    MX_SPI2_Init                             0x080034a5   Thumb Code    74  spi.o(i.MX_SPI2_Init)
    MX_USART1_UART_Init                      0x080034f9   Thumb Code    52  usart.o(i.MX_USART1_UART_Init)
    MX_USART2_UART_Init                      0x08003535   Thumb Code    58  usart.o(i.MX_USART2_UART_Init)
    MemManage_Handler                        0x0800357d   Thumb Code     2  stm32f3xx_it.o(i.MemManage_Handler)
    NMI_Handler                              0x0800357f   Thumb Code     2  stm32f3xx_it.o(i.NMI_Handler)
    SPI2_ReadWrite_Byte                      0x08003581   Thumb Code    36  spi.o(i.SPI2_ReadWrite_Byte)
    SPI2_Read_Byte                           0x080035a9   Thumb Code    40  spi.o(i.SPI2_Read_Byte)
    SPI2_Send_Byte                           0x080035d5   Thumb Code    32  spi.o(i.SPI2_Send_Byte)
    SysTick_Handler                          0x080037c1   Thumb Code    22  board.o(i.SysTick_Handler)
    SystemClock_Config                       0x080037d7   Thumb Code   134  main.o(i.SystemClock_Config)
    SystemCoreClockUpdate                    0x0800385d   Thumb Code    90  system_stm32f3xx.o(i.SystemCoreClockUpdate)
    SystemInit                               0x080038cd   Thumb Code    12  system_stm32f3xx.o(i.SystemInit)
    UART_AdvFeatureConfig                    0x080038dd   Thumb Code   200  stm32f3xx_hal_uart.o(i.UART_AdvFeatureConfig)
    UART_CheckIdleState                      0x080039a5   Thumb Code    92  stm32f3xx_hal_uart.o(i.UART_CheckIdleState)
    UART_SetConfig                           0x08003b3d   Thumb Code   426  stm32f3xx_hal_uart.o(i.UART_SetConfig)
    UART_Start_Receive_IT                    0x08003d05   Thumb Code   116  stm32f3xx_hal_uart.o(i.UART_Start_Receive_IT)
    UART_WaitOnFlagUntilTimeout              0x08003d81   Thumb Code   164  stm32f3xx_hal_uart.o(i.UART_WaitOnFlagUntilTimeout)
    USART2_IRQHandler                        0x08003e25   Thumb Code    56  usart.o(i.USART2_IRQHandler)
    UsageFault_Handler                       0x08003e69   Thumb Code     2  stm32f3xx_it.o(i.UsageFault_Handler)
    __0printf                                0x08003e6d   Thumb Code    22  printfa.o(i.__0printf)
    __1printf                                0x08003e6d   Thumb Code     0  printfa.o(i.__0printf)
    __2printf                                0x08003e6d   Thumb Code     0  printfa.o(i.__0printf)
    __c89printf                              0x08003e6d   Thumb Code     0  printfa.o(i.__0printf)
    printf                                   0x08003e6d   Thumb Code     0  printfa.o(i.__0printf)
    __rt_ffs                                 0x08003ead   Thumb Code    64  kservice.o(i.__rt_ffs)
    __scatterload_copy                       0x08003ef1   Thumb Code    14  handlers.o(i.__scatterload_copy)
    __scatterload_null                       0x08003eff   Thumb Code     2  handlers.o(i.__scatterload_null)
    __scatterload_zeroinit                   0x08003f01   Thumb Code    14  handlers.o(i.__scatterload_zeroinit)
    bpm_calculate                            0x08004845   Thumb Code    66  main.o(i.bpm_calculate)
    delay_us                                 0x08004899   Thumb Code    14  main.o(i.delay_us)
    dmp_get_pedometer_step_count             0x080049d5   Thumb Code    56  inv_mpu_dmp_motion_driver.o(i.dmp_get_pedometer_step_count)
    fputc                                    0x08004a0d   Thumb Code    22  main.o(i.fputc)
    $Super$$main                             0x08004a79   Thumb Code   280  main.o(i.main)
    main_thread_entry                        0x08004c01   Thumb Code    14  components.o(i.main_thread_entry)
    maxim_peaks_above_min_height             0x08004c0f   Thumb Code   134  main.o(i.maxim_peaks_above_min_height)
    mpu_read_mem                             0x08004e81   Thumb Code    80  inv_mpu.o(i.mpu_read_mem)
    rt_application_init                      0x08005069   Thumb Code    44  components.o(i.rt_application_init)
    rt_components_board_init                 0x080050a5   Thumb Code    20  components.o(i.rt_components_board_init)
    rt_components_init                       0x080050c1   Thumb Code    20  components.o(i.rt_components_init)
    rt_enter_critical                        0x080050dd   Thumb Code    22  scheduler.o(i.rt_enter_critical)
    rt_exit_critical                         0x080050f9   Thumb Code    52  scheduler.o(i.rt_exit_critical)
    rt_hw_board_init                         0x08005131   Thumb Code    62  board.o(i.rt_hw_board_init)
    rt_hw_console_output                     0x08005179   Thumb Code     2  kservice.o(i.rt_hw_console_output)
    rt_hw_hard_fault_exception               0x0800517d   Thumb Code   190  cpuport.o(i.rt_hw_hard_fault_exception)
    rt_hw_stack_init                         0x0800538d   Thumb Code    54  cpuport.o(i.rt_hw_stack_init)
    rt_interrupt_enter                       0x080053c9   Thumb Code    22  irq.o(i.rt_interrupt_enter)
    rt_interrupt_leave                       0x080053e5   Thumb Code    22  irq.o(i.rt_interrupt_leave)
    rt_kprintf                               0x08005401   Thumb Code    28  kservice.o(i.rt_kprintf)
    rt_memset                                0x08005451   Thumb Code    70  kservice.o(i.rt_memset)
    rt_object_detach                         0x08005497   Thumb Code    36  object.o(i.rt_object_detach)
    rt_object_get_information                0x080054bd   Thumb Code    30  object.o(i.rt_object_get_information)
    rt_object_init                           0x080054e1   Thumb Code    82  object.o(i.rt_object_init)
    rt_object_is_systemobject                0x08005533   Thumb Code    14  object.o(i.rt_object_is_systemobject)
    rt_schedule                              0x08005541   Thumb Code    76  scheduler.o(i.rt_schedule)
    rt_schedule_insert_thread                0x08005599   Thumb Code    70  scheduler.o(i.rt_schedule_insert_thread)
    rt_schedule_remove_thread                0x080055e9   Thumb Code    64  scheduler.o(i.rt_schedule_remove_thread)
    rt_show_version                          0x08005631   Thumb Code    40  kservice.o(i.rt_show_version)
    rt_strlen                                0x080056e1   Thumb Code    16  kservice.o(i.rt_strlen)
    rt_strncpy                               0x080056f1   Thumb Code    38  kservice.o(i.rt_strncpy)
    rt_system_scheduler_init                 0x08005719   Thumb Code    44  scheduler.o(i.rt_system_scheduler_init)
    rt_system_scheduler_start                0x0800574d   Thumb Code    32  scheduler.o(i.rt_system_scheduler_start)
    rt_system_timer_init                     0x08005775   Thumb Code     8  timer.o(i.rt_system_timer_init)
    rt_system_timer_thread_init              0x08005781   Thumb Code     2  timer.o(i.rt_system_timer_thread_init)
    rt_thread_exit                           0x08005785   Thumb Code    78  thread.o(i.rt_thread_exit)
    rt_thread_idle_excute                    0x080057e5   Thumb Code   102  idle.o(i.rt_thread_idle_excute)
    rt_thread_idle_init                      0x08005851   Thumb Code    40  idle.o(i.rt_thread_idle_init)
    rt_thread_init                           0x08005889   Thumb Code    48  thread.o(i.rt_thread_init)
    rt_thread_mdelay                         0x080058b9   Thumb Code    14  thread.o(i.rt_thread_mdelay)
    rt_thread_resume                         0x080058c7   Thumb Code    60  thread.o(i.rt_thread_resume)
    rt_thread_self                           0x08005905   Thumb Code     6  thread.o(i.rt_thread_self)
    rt_thread_sleep                          0x08005911   Thumb Code    60  thread.o(i.rt_thread_sleep)
    rt_thread_startup                        0x08005951   Thumb Code    40  thread.o(i.rt_thread_startup)
    rt_thread_suspend                        0x0800597d   Thumb Code    66  thread.o(i.rt_thread_suspend)
    rt_thread_timeout                        0x080059bf   Thumb Code    32  thread.o(i.rt_thread_timeout)
    rt_thread_yield                          0x080059e1   Thumb Code    86  thread.o(i.rt_thread_yield)
    rt_tick_from_millisecond                 0x08005a41   Thumb Code    50  clock.o(i.rt_tick_from_millisecond)
    rt_tick_get                              0x08005a75   Thumb Code     6  clock.o(i.rt_tick_get)
    rt_tick_increase                         0x08005a81   Thumb Code    38  clock.o(i.rt_tick_increase)
    rt_timer_check                           0x08005aad   Thumb Code    98  timer.o(i.rt_timer_check)
    rt_timer_control                         0x08005b15   Thumb Code    48  timer.o(i.rt_timer_control)
    rt_timer_detach                          0x08005b45   Thumb Code    32  timer.o(i.rt_timer_detach)
    rt_timer_init                            0x08005b65   Thumb Code    48  timer.o(i.rt_timer_init)
    rt_timer_start                           0x08005b95   Thumb Code   136  timer.o(i.rt_timer_start)
    rt_timer_stop                            0x08005c21   Thumb Code    46  timer.o(i.rt_timer_stop)
    rt_vsnprintf                             0x08005c51   Thumb Code   626  kservice.o(i.rt_vsnprintf)
    rtthread_startup                         0x08005edd   Thumb Code    42  components.o(i.rtthread_startup)
    sendend                                  0x08005f09   Thumb Code    52  main.o(i.sendend)
    reg                                      0x080060fc   Data          27  inv_mpu.o(.constdata)
    hw                                       0x08006118   Data          12  inv_mpu.o(.constdata)
    test                                     0x08006124   Data          40  inv_mpu.o(.constdata)
    BPF_5Hz_40Hz                             0x0800614c   Data         516  main.o(.constdata)
    LPF_2Hz                                  0x08006350   Data         516  main.o(.constdata)
    aPLLMULFactorTable                       0x08006554   Data          16  stm32f3xx_hal_rcc.o(.constdata)
    aPredivFactorTable                       0x08006564   Data          16  stm32f3xx_hal_rcc.o(.constdata)
    AHBPrescTable                            0x08006574   Data          16  system_stm32f3xx.o(.constdata)
    APBPrescTable                            0x08006584   Data           8  system_stm32f3xx.o(.constdata)
    __lowest_bit_bitmap                      0x0800658c   Data         256  kservice.o(.constdata)
    __rt_init_rti_start                      0x080066b0   Data           4  components.o(.rti_fn.0)
    __rt_init_rti_board_start                0x080066b4   Data           4  components.o(.rti_fn.0.end)
    __rt_init_rti_board_end                  0x080066b8   Data           4  components.o(.rti_fn.1.end)
    __rt_init_rti_end                        0x080066bc   Data           4  components.o(.rti_fn.6.end)
    Region$$Table$$Base                      0x080066c0   Number         0  anon$$obj.o(Region$$Table)
    Region$$Table$$Limit                     0x080066e0   Number         0  anon$$obj.o(Region$$Table)
    firstflag                                0x2000002c   Data           1  ads1118.o(.data)
    Conversion                               0x2000002e   Data           2  ads1118.o(.data)
    Conversion1                              0x20000030   Data           2  ads1118.o(.data)
    Config                                   0x20000032   Data           2  ads1118.o(.data)
    Voltage                                  0x20000034   Data           4  ads1118.o(.data)
    BaseV                                    0x20000038   Data           4  ads1118.o(.data)
    Ads1292_Config1                          0x2000003c   Data           1  ads1292.o(.data)
    Ads1292_Ch1set                           0x2000003d   Data           3  ads1292.o(.data)
    Ads1292_Ch2set                           0x20000040   Data           3  ads1292.o(.data)
    Ads1292_Resp2                            0x20000043   Data           3  ads1292.o(.data)
    Ads1292_Resp1                            0x20000046   Data           4  ads1292.o(.data)
    Ads1292_Config2                          0x2000004a   Data           5  ads1292.o(.data)
    Ads1292_Rld_Sens                         0x2000004f   Data           6  ads1292.o(.data)
    Ads1292_Loff_Sens                        0x20000055   Data           6  ads1292.o(.data)
    flog                                     0x2000005c   Data           1  main.o(.data)
    point_cnt                                0x2000005e   Data           2  main.o(.data)
    ch1_index                                0x20000060   Data           2  main.o(.data)
    ch2_index                                0x20000062   Data           2  main.o(.data)
    wifi_ready                               0x20000064   Data           4  main.o(.data)
    step                                     0x20000068   Data           4  main.o(.data)
    dist                                     0x2000006c   Data           4  main.o(.data)
    blockSize                                0x20000070   Data           4  main.o(.data)
    display_mid                              0x20000074   Data           4  main.o(.data)
    display_amp                              0x20000078   Data           4  main.o(.data)
    display_avr_sum                          0x2000007c   Data           4  main.o(.data)
    bpm_cache_index                          0x20000080   Data           4  main.o(.data)
    cur_uart                                 0x20000084   Data           4  main.o(.data)
    hu_temper                                0x20000088   Data           4  main.o(.data)
    buffer_temper                            0x2000008c   Data           4  main.o(.data)
    ch1_data                                 0x20000090   Data           4  main.o(.data)
    ch2_data                                 0x20000094   Data           4  main.o(.data)
    pn_npks                                  0x200000a0   Data           4  main.o(.data)
    BPM                                      0x200000a4   Data           4  main.o(.data)
    out_ch2                                  0x200000a8   Data           4  main.o(.data)
    aRxBuffer                                0x200000ac   Data           1  usart.o(.data)
    USART_RX_STA                             0x200000ae   Data           2  usart.o(.data)
    uwTickFreq                               0x200000b0   Data           1  stm32f3xx_hal.o(.data)
    uwTickPrio                               0x200000b4   Data           4  stm32f3xx_hal.o(.data)
    uwTick                                   0x200000b8   Data           4  stm32f3xx_hal.o(.data)
    SystemCoreClock                          0x200000bc   Data           4  system_stm32f3xx.o(.data)
    rt_interrupt_nest                        0x200000c4   Data           1  irq.o(.data)
    rt_current_priority                      0x200000f8   Data           1  scheduler.o(.data)
    rt_current_thread                        0x200000fc   Data           4  scheduler.o(.data)
    rt_thread_ready_priority_group           0x20000100   Data           4  scheduler.o(.data)
    rt_thread_defunct                        0x20000104   Data           8  scheduler.o(.data)
    rt_interrupt_from_thread                 0x2000011c   Data           4  cpuport.o(.data)
    rt_interrupt_to_thread                   0x20000120   Data           4  cpuport.o(.data)
    rt_thread_switch_interrupt_flag          0x20000124   Data           4  cpuport.o(.data)
    __stdout                                 0x20000128   Data           4  stdout.o(.data)
    DP                                       0x2000012c   Data          32  ads1118.o(.bss)
    ADS1292_REG                              0x2000014c   Data          12  ads1292.o(.bss)
    ch1_point_200                            0x20002e78   Data         800  main.o(.bss)
    ch2_point_200                            0x20003198   Data         800  main.o(.bss)
    S1                                       0x200038c0   Data          12  main.o(.bss)
    S2                                       0x200038cc   Data          12  main.o(.bss)
    bpm_cache                                0x200038d8   Data        4000  main.o(.bss)
    pn_locs                                  0x20004878   Data         400  main.o(.bss)
    hi2c1                                    0x20005e08   Data          76  i2c.o(.bss)
    hspi1                                    0x20005e54   Data         100  spi.o(.bss)
    hspi2                                    0x20005eb8   Data         100  spi.o(.bss)
    USART_RX_BUF                             0x20005f1c   Data         200  usart.o(.bss)
    huart1                                   0x20005fe4   Data         132  usart.o(.bss)
    huart2                                   0x20006068   Data         132  usart.o(.bss)
    main_thread                              0x200064f0   Data         120  components.o(.bss)
    rt_thread_priority_table                 0x200066e0   Data         256  scheduler.o(.bss)
    __initial_sp                             0x20006be0   Data           0  startup_stm32f303xc.o(STACK)



==============================================================================

Memory Map of the image

  Image Entry point : 0x08000189

  Load Region LR_IROM1 (Base: 0x08000000, Size: 0x0000680c, Max: 0x00040000, ABSOLUTE, COMPRESSED[0x0000672c])

    Execution Region ER_IROM1 (Exec base: 0x08000000, Load base: 0x08000000, Size: 0x000066e0, Max: 0x00040000, ABSOLUTE)

    Exec Addr    Load Addr    Size         Type   Attr      Idx    E Section Name        Object

    0x08000000   0x08000000   0x00000188   Data   RO            3    RESET               startup_stm32f303xc.o
    0x08000188   0x08000188   0x00000000   Code   RO         4668  * .ARM.Collect$$$$00000000  mc_w.l(entry.o)
    0x08000188   0x08000188   0x00000004   Code   RO         5009    .ARM.Collect$$$$00000001  mc_w.l(entry2.o)
    0x0800018c   0x0800018c   0x00000004   Code   RO         5012    .ARM.Collect$$$$00000004  mc_w.l(entry5.o)
    0x08000190   0x08000190   0x00000000   Code   RO         5014    .ARM.Collect$$$$00000008  mc_w.l(entry7b.o)
    0x08000190   0x08000190   0x00000000   Code   RO         5016    .ARM.Collect$$$$0000000A  mc_w.l(entry8b.o)
    0x08000190   0x08000190   0x00000008   Code   RO         5017    .ARM.Collect$$$$0000000B  mc_w.l(entry9a.o)
    0x08000198   0x08000198   0x00000004   Code   RO         5024    .ARM.Collect$$$$0000000E  mc_w.l(entry12b.o)
    0x0800019c   0x0800019c   0x00000000   Code   RO         5019    .ARM.Collect$$$$0000000F  mc_w.l(entry10a.o)
    0x0800019c   0x0800019c   0x00000000   Code   RO         5021    .ARM.Collect$$$$00000011  mc_w.l(entry11a.o)
    0x0800019c   0x0800019c   0x00000004   Code   RO         5010    .ARM.Collect$$$$00002712  mc_w.l(entry2.o)
    0x080001a0   0x080001a0   0x00000024   Code   RO            4    .text               startup_stm32f303xc.o
    0x080001c4   0x080001c4   0x00000134   Code   RO         3815    .text               context_rvds.o
    0x080002f8   0x080002f8   0x00000532   Code   RO         4575    .text               arm_cortexM4lf_math.lib(arm_fir_f32.o)
    0x0800082a   0x0800082a   0x0000001c   Code   RO         4621    .text               arm_cortexM4lf_math.lib(arm_fir_init_f32.o)
    0x08000846   0x08000846   0x00000062   Code   RO         4671    .text               mc_w.l(uldiv.o)
    0x080008a8   0x080008a8   0x00000020   Code   RO         4675    .text               mc_w.l(llushr.o)
    0x080008c8   0x080008c8   0x00000024   Code   RO         4679    .text               mc_w.l(memseta.o)
    0x080008ec   0x080008ec   0x0000014e   Code   RO         4946    .text               mf_w.l(dadd.o)
    0x08000a3a   0x08000a3a   0x000000e4   Code   RO         4948    .text               mf_w.l(dmul.o)
    0x08000b1e   0x08000b1e   0x000000de   Code   RO         4950    .text               mf_w.l(ddiv.o)
    0x08000bfc   0x08000bfc   0x00000022   Code   RO         4952    .text               mf_w.l(dflti.o)
    0x08000c1e   0x08000c1e   0x00000026   Code   RO         4954    .text               mf_w.l(f2d.o)
    0x08000c44   0x08000c44   0x00000038   Code   RO         4956    .text               mf_w.l(d2f.o)
    0x08000c7c   0x08000c7c   0x0000002c   Code   RO         5026    .text               mc_w.l(uidiv.o)
    0x08000ca8   0x08000ca8   0x0000001e   Code   RO         5028    .text               mc_w.l(llshl.o)
    0x08000cc6   0x08000cc6   0x00000024   Code   RO         5030    .text               mc_w.l(llsshr.o)
    0x08000cea   0x08000cea   0x00000000   Code   RO         5039    .text               mc_w.l(iusefp.o)
    0x08000cea   0x08000cea   0x0000006e   Code   RO         5040    .text               mf_w.l(fepilogue.o)
    0x08000d58   0x08000d58   0x000000ba   Code   RO         5042    .text               mf_w.l(depilogue.o)
    0x08000e12   0x08000e12   0x00000030   Code   RO         5046    .text               mf_w.l(dfixul.o)
    0x08000e42   0x08000e42   0x00000002   PAD
    0x08000e44   0x08000e44   0x00000030   Code   RO         5050    .text               mf_w.l(cdrcmple.o)
    0x08000e74   0x08000e74   0x00000024   Code   RO         5052    .text               mc_w.l(init.o)
    0x08000e98   0x08000e98   0x00000056   Code   RO         5064    .text               mc_w.l(__dczerorl2.o)
    0x08000eee   0x08000eee   0x0000000a   Code   RO         3879    i.$Sub$$main        components.o
    0x08000ef8   0x08000ef8   0x00000040   Code   RO          773    i.ADS1118Init       ads1118.o
    0x08000f38   0x08000f38   0x00000174   Code   RO          819    i.ADS1292_PowerOnInit  ads1292.o
    0x080010ac   0x080010ac   0x0000004c   Code   RO          821    i.ADS1292_Read_Reg  ads1292.o
    0x080010f8   0x080010f8   0x00000108   Code   RO          822    i.ADS1292_SET_REGBUFF  ads1292.o
    0x08001200   0x08001200   0x00000004   Code   RO          823    i.ADS1292_SPI       ads1292.o
    0x08001204   0x08001204   0x00000028   Code   RO          825    i.ADS1292_Single_Read  ads1292.o
    0x0800122c   0x0800122c   0x00000054   Code   RO          827    i.ADS1292_WRITE_REGBUFF  ads1292.o
    0x08001280   0x08001280   0x0000008c   Code   RO          828    i.ADS1292_WR_REGS   ads1292.o
    0x0800130c   0x0800130c   0x00000050   Code   RO          829    i.ADS1292_Write_Reg  ads1292.o
    0x0800135c   0x0800135c   0x00000002   Code   RO         1258    i.BusFault_Handler  stm32f3xx_it.o
    0x0800135e   0x0800135e   0x00000002   Code   RO         1259    i.DebugMon_Handler  stm32f3xx_it.o
    0x08001360   0x08001360   0x00000008   Code   RO         1260    i.EXTI15_10_IRQHandler  stm32f3xx_it.o
    0x08001368   0x08001368   0x00000004   Code   RO          930    i.Error_Handler     main.o
    0x0800136c   0x0800136c   0x00000046   Code   RO         2262    i.HAL_DMA_Abort     stm32f3xx_hal_dma.o
    0x080013b2   0x080013b2   0x0000004a   Code   RO         2263    i.HAL_DMA_Abort_IT  stm32f3xx_hal_dma.o
    0x080013fc   0x080013fc   0x00000024   Code   RO         1880    i.HAL_Delay         stm32f3xx_hal.o
    0x08001420   0x08001420   0x00000104   Code   RO          931    i.HAL_GPIO_EXTI_Callback  main.o
    0x08001524   0x08001524   0x00000018   Code   RO         2196    i.HAL_GPIO_EXTI_IRQHandler  stm32f3xx_hal_gpio.o
    0x0800153c   0x0800153c   0x000001b8   Code   RO         2197    i.HAL_GPIO_Init     stm32f3xx_hal_gpio.o
    0x080016f4   0x080016f4   0x00000010   Code   RO         2200    i.HAL_GPIO_TogglePin  stm32f3xx_hal_gpio.o
    0x08001704   0x08001704   0x0000000a   Code   RO         2201    i.HAL_GPIO_WritePin  stm32f3xx_hal_gpio.o
    0x0800170e   0x0800170e   0x00000002   PAD
    0x08001710   0x08001710   0x0000000c   Code   RO         1884    i.HAL_GetTick       stm32f3xx_hal.o
    0x0800171c   0x0800171c   0x00000056   Code   RO         1819    i.HAL_I2CEx_ConfigAnalogFilter  stm32f3xx_hal_i2c_ex.o
    0x08001772   0x08001772   0x00000052   Code   RO         1820    i.HAL_I2CEx_ConfigDigitalFilter  stm32f3xx_hal_i2c_ex.o
    0x080017c4   0x080017c4   0x000000b8   Code   RO         1368    i.HAL_I2C_Init      stm32f3xx_hal_i2c.o
    0x0800187c   0x0800187c   0x00000164   Code   RO         1386    i.HAL_I2C_Mem_Read  stm32f3xx_hal_i2c.o
    0x080019e0   0x080019e0   0x00000158   Code   RO         1389    i.HAL_I2C_Mem_Write  stm32f3xx_hal_i2c.o
    0x08001b38   0x08001b38   0x00000064   Code   RO         1089    i.HAL_I2C_MspInit   i2c.o
    0x08001b9c   0x08001b9c   0x00000010   Code   RO         1890    i.HAL_IncTick       stm32f3xx_hal.o
    0x08001bac   0x08001bac   0x00000024   Code   RO         1891    i.HAL_Init          stm32f3xx_hal.o
    0x08001bd0   0x08001bd0   0x00000040   Code   RO         1892    i.HAL_InitTick      stm32f3xx_hal.o
    0x08001c10   0x08001c10   0x00000030   Code   RO         1315    i.HAL_MspInit       stm32f3xx_hal_msp.o
    0x08001c40   0x08001c40   0x0000001a   Code   RO         2365    i.HAL_NVIC_EnableIRQ  stm32f3xx_hal_cortex.o
    0x08001c5a   0x08001c5a   0x00000002   PAD
    0x08001c5c   0x08001c5c   0x00000040   Code   RO         2371    i.HAL_NVIC_SetPriority  stm32f3xx_hal_cortex.o
    0x08001c9c   0x08001c9c   0x00000024   Code   RO         2372    i.HAL_NVIC_SetPriorityGrouping  stm32f3xx_hal_cortex.o
    0x08001cc0   0x08001cc0   0x00000218   Code   RO         2154    i.HAL_RCCEx_PeriphCLKConfig  stm32f3xx_hal_rcc_ex.o
    0x08001ed8   0x08001ed8   0x00000148   Code   RO         2048    i.HAL_RCC_ClockConfig  stm32f3xx_hal_rcc.o
    0x08002020   0x08002020   0x00000030   Code   RO         2055    i.HAL_RCC_GetPCLK1Freq  stm32f3xx_hal_rcc.o
    0x08002050   0x08002050   0x00000030   Code   RO         2056    i.HAL_RCC_GetPCLK2Freq  stm32f3xx_hal_rcc.o
    0x08002080   0x08002080   0x0000006c   Code   RO         2057    i.HAL_RCC_GetSysClockFreq  stm32f3xx_hal_rcc.o
    0x080020ec   0x080020ec   0x000005c8   Code   RO         2060    i.HAL_RCC_OscConfig  stm32f3xx_hal_rcc.o
    0x080026b4   0x080026b4   0x000000ea   Code   RO         2904    i.HAL_SPI_Init      stm32f3xx_hal_spi.o
    0x0800279e   0x0800279e   0x00000002   PAD
    0x080027a0   0x080027a0   0x000000bc   Code   RO         1131    i.HAL_SPI_MspInit   spi.o
    0x0800285c   0x0800285c   0x00000262   Code   RO         2913    i.HAL_SPI_TransmitReceive  stm32f3xx_hal_spi.o
    0x08002abe   0x08002abe   0x00000028   Code   RO         2376    i.HAL_SYSTICK_Config  stm32f3xx_hal_cortex.o
    0x08002ae6   0x08002ae6   0x00000002   Code   RO         3289    i.HAL_UARTEx_RxEventCallback  stm32f3xx_hal_uart.o
    0x08002ae8   0x08002ae8   0x00000002   Code   RO         3680    i.HAL_UARTEx_WakeupCallback  stm32f3xx_hal_uart_ex.o
    0x08002aea   0x08002aea   0x00000002   Code   RO         3305    i.HAL_UART_ErrorCallback  stm32f3xx_hal_uart.o
    0x08002aec   0x08002aec   0x0000000a   Code   RO         3307    i.HAL_UART_GetState  stm32f3xx_hal_uart.o
    0x08002af6   0x08002af6   0x00000002   PAD
    0x08002af8   0x08002af8   0x00000238   Code   RO         3308    i.HAL_UART_IRQHandler  stm32f3xx_hal_uart.o
    0x08002d30   0x08002d30   0x00000066   Code   RO         3309    i.HAL_UART_Init     stm32f3xx_hal_uart.o
    0x08002d96   0x08002d96   0x00000002   PAD
    0x08002d98   0x08002d98   0x000000b8   Code   RO         1197    i.HAL_UART_MspInit  usart.o
    0x08002e50   0x08002e50   0x0000003e   Code   RO         3314    i.HAL_UART_Receive_IT  stm32f3xx_hal_uart.o
    0x08002e8e   0x08002e8e   0x00000002   PAD
    0x08002e90   0x08002e90   0x00000058   Code   RO         1198    i.HAL_UART_RxCpltCallback  usart.o
    0x08002ee8   0x08002ee8   0x000000b6   Code   RO         3318    i.HAL_UART_Transmit  stm32f3xx_hal_uart.o
    0x08002f9e   0x08002f9e   0x00000002   Code   RO         3321    i.HAL_UART_TxCpltCallback  stm32f3xx_hal_uart.o
    0x08002fa0   0x08002fa0   0x00000034   Code   RO          634    i.HAL_i2c_read      func.o
    0x08002fd4   0x08002fd4   0x00000030   Code   RO          635    i.HAL_i2c_write     func.o
    0x08003004   0x08003004   0x00000022   Code   RO         1415    i.I2C_Flush_TXDR    stm32f3xx_hal_i2c.o
    0x08003026   0x08003026   0x00000002   PAD
    0x08003028   0x08003028   0x00000084   Code   RO         1423    i.I2C_IsAcknowledgeFailed  stm32f3xx_hal_i2c.o
    0x080030ac   0x080030ac   0x00000064   Code   RO         1426    i.I2C_RequestMemoryRead  stm32f3xx_hal_i2c.o
    0x08003110   0x08003110   0x00000064   Code   RO         1427    i.I2C_RequestMemoryWrite  stm32f3xx_hal_i2c.o
    0x08003174   0x08003174   0x0000002c   Code   RO         1430    i.I2C_TransferConfig  stm32f3xx_hal_i2c.o
    0x080031a0   0x080031a0   0x00000058   Code   RO         1432    i.I2C_WaitOnFlagUntilTimeout  stm32f3xx_hal_i2c.o
    0x080031f8   0x080031f8   0x0000004c   Code   RO         1434    i.I2C_WaitOnSTOPFlagUntilTimeout  stm32f3xx_hal_i2c.o
    0x08003244   0x08003244   0x00000050   Code   RO         1435    i.I2C_WaitOnTXISFlagUntilTimeout  stm32f3xx_hal_i2c.o
    0x08003294   0x08003294   0x00000168   Code   RO         1064    i.MX_GPIO_Init      gpio.o
    0x080033fc   0x080033fc   0x00000058   Code   RO         1090    i.MX_I2C1_Init      i2c.o
    0x08003454   0x08003454   0x00000050   Code   RO         1132    i.MX_SPI1_Init      spi.o
    0x080034a4   0x080034a4   0x00000054   Code   RO         1133    i.MX_SPI2_Init      spi.o
    0x080034f8   0x080034f8   0x0000003c   Code   RO         1199    i.MX_USART1_UART_Init  usart.o
    0x08003534   0x08003534   0x00000048   Code   RO         1200    i.MX_USART2_UART_Init  usart.o
    0x0800357c   0x0800357c   0x00000002   Code   RO         1261    i.MemManage_Handler  stm32f3xx_it.o
    0x0800357e   0x0800357e   0x00000002   Code   RO         1262    i.NMI_Handler       stm32f3xx_it.o
    0x08003580   0x08003580   0x00000028   Code   RO         1134    i.SPI2_ReadWrite_Byte  spi.o
    0x080035a8   0x080035a8   0x0000002c   Code   RO         1135    i.SPI2_Read_Byte    spi.o
    0x080035d4   0x080035d4   0x00000024   Code   RO         1136    i.SPI2_Send_Byte    spi.o
    0x080035f8   0x080035f8   0x00000048   Code   RO         2942    i.SPI_EndRxTxTransaction  stm32f3xx_hal_spi.o
    0x08003640   0x08003640   0x000000c8   Code   RO         2947    i.SPI_WaitFifoStateUntilTimeout  stm32f3xx_hal_spi.o
    0x08003708   0x08003708   0x000000b8   Code   RO         2948    i.SPI_WaitFlagStateUntilTimeout  stm32f3xx_hal_spi.o
    0x080037c0   0x080037c0   0x00000016   Code   RO         3819    i.SysTick_Handler   board.o
    0x080037d6   0x080037d6   0x00000086   Code   RO          932    i.SystemClock_Config  main.o
    0x0800385c   0x0800385c   0x00000070   Code   RO         3780    i.SystemCoreClockUpdate  system_stm32f3xx.o
    0x080038cc   0x080038cc   0x00000010   Code   RO         3781    i.SystemInit        system_stm32f3xx.o
    0x080038dc   0x080038dc   0x000000c8   Code   RO         3323    i.UART_AdvFeatureConfig  stm32f3xx_hal_uart.o
    0x080039a4   0x080039a4   0x0000005c   Code   RO         3324    i.UART_CheckIdleState  stm32f3xx_hal_uart.o
    0x08003a00   0x08003a00   0x00000014   Code   RO         3325    i.UART_DMAAbortOnError  stm32f3xx_hal_uart.o
    0x08003a14   0x08003a14   0x00000030   Code   RO         3335    i.UART_EndRxTransfer  stm32f3xx_hal_uart.o
    0x08003a44   0x08003a44   0x0000007c   Code   RO         3337    i.UART_RxISR_16BIT  stm32f3xx_hal_uart.o
    0x08003ac0   0x08003ac0   0x0000007c   Code   RO         3338    i.UART_RxISR_8BIT   stm32f3xx_hal_uart.o
    0x08003b3c   0x08003b3c   0x000001c8   Code   RO         3339    i.UART_SetConfig    stm32f3xx_hal_uart.o
    0x08003d04   0x08003d04   0x0000007c   Code   RO         3341    i.UART_Start_Receive_IT  stm32f3xx_hal_uart.o
    0x08003d80   0x08003d80   0x000000a4   Code   RO         3344    i.UART_WaitOnFlagUntilTimeout  stm32f3xx_hal_uart.o
    0x08003e24   0x08003e24   0x00000044   Code   RO         1201    i.USART2_IRQHandler  usart.o
    0x08003e68   0x08003e68   0x00000002   Code   RO         1263    i.UsageFault_Handler  stm32f3xx_it.o
    0x08003e6a   0x08003e6a   0x00000002   PAD
    0x08003e6c   0x08003e6c   0x00000020   Code   RO         4918    i.__0printf         mc_w.l(printfa.o)
    0x08003e8c   0x08003e8c   0x00000020   Code   RO         2378    i.__NVIC_SetPriority  stm32f3xx_hal_cortex.o
    0x08003eac   0x08003eac   0x00000044   Code   RO         4070    i.__rt_ffs          kservice.o
    0x08003ef0   0x08003ef0   0x0000000e   Code   RO         5058    i.__scatterload_copy  mc_w.l(handlers.o)
    0x08003efe   0x08003efe   0x00000002   Code   RO         5059    i.__scatterload_null  mc_w.l(handlers.o)
    0x08003f00   0x08003f00   0x0000000e   Code   RO         5060    i.__scatterload_zeroinit  mc_w.l(handlers.o)
    0x08003f0e   0x08003f0e   0x00000002   PAD
    0x08003f10   0x08003f10   0x00000184   Code   RO         4925    i._fp_digits        mc_w.l(printfa.o)
    0x08004094   0x08004094   0x00000014   Code   RO         3948    i._has_defunct_thread  idle.o
    0x080040a8   0x080040a8   0x000006b4   Code   RO         4926    i._printf_core      mc_w.l(printfa.o)
    0x0800475c   0x0800475c   0x00000024   Code   RO         4927    i._printf_post_padding  mc_w.l(printfa.o)
    0x08004780   0x08004780   0x0000002e   Code   RO         4928    i._printf_pre_padding  mc_w.l(printfa.o)
    0x080047ae   0x080047ae   0x00000002   PAD
    0x080047b0   0x080047b0   0x00000080   Code   RO         4347    i._rt_thread_init   thread.o
    0x08004830   0x08004830   0x00000012   Code   RO         4455    i._rt_timer_remove  timer.o
    0x08004842   0x08004842   0x00000002   PAD
    0x08004844   0x08004844   0x00000054   Code   RO          933    i.bpm_calculate     main.o
    0x08004898   0x08004898   0x0000000e   Code   RO          934    i.delay_us          main.o
    0x080048a6   0x080048a6   0x00000002   PAD
    0x080048a8   0x080048a8   0x0000012c   Code   RO          935    i.display_thread_entry  main.o
    0x080049d4   0x080049d4   0x00000038   Code   RO          448    i.dmp_get_pedometer_step_count  inv_mpu_dmp_motion_driver.o
    0x08004a0c   0x08004a0c   0x0000001c   Code   RO          936    i.fputc             main.o
    0x08004a28   0x08004a28   0x00000050   Code   RO          937    i.led_thread_entry  main.o
    0x08004a78   0x08004a78   0x00000188   Code   RO          938    i.main              main.o
    0x08004c00   0x08004c00   0x0000000e   Code   RO         3880    i.main_thread_entry  components.o
    0x08004c0e   0x08004c0e   0x00000086   Code   RO          939    i.maxim_peaks_above_min_height  main.o
    0x08004c94   0x08004c94   0x000001ec   Code   RO          940    i.mpu6050_thread_entry  main.o
    0x08004e80   0x08004e80   0x00000054   Code   RO           41    i.mpu_read_mem      inv_mpu.o
    0x08004ed4   0x08004ed4   0x00000130   Code   RO         4072    i.print_number      kservice.o
    0x08005004   0x08005004   0x00000064   Code   RO          941    i.receive_thread_entry  main.o
    0x08005068   0x08005068   0x0000003c   Code   RO         3881    i.rt_application_init  components.o
    0x080050a4   0x080050a4   0x0000001c   Code   RO         3882    i.rt_components_board_init  components.o
    0x080050c0   0x080050c0   0x0000001c   Code   RO         3883    i.rt_components_init  components.o
    0x080050dc   0x080050dc   0x0000001c   Code   RO         4286    i.rt_enter_critical  scheduler.o
    0x080050f8   0x080050f8   0x00000038   Code   RO         4287    i.rt_exit_critical  scheduler.o
    0x08005130   0x08005130   0x00000048   Code   RO         3820    i.rt_hw_board_init  board.o
    0x08005178   0x08005178   0x00000002   Code   RO         4074    i.rt_hw_console_output  kservice.o
    0x0800517a   0x0800517a   0x00000002   PAD
    0x0800517c   0x0800517c   0x00000210   Code   RO         4533    i.rt_hw_hard_fault_exception  cpuport.o
    0x0800538c   0x0800538c   0x0000003c   Code   RO         4534    i.rt_hw_stack_init  cpuport.o
    0x080053c8   0x080053c8   0x0000001c   Code   RO         4043    i.rt_interrupt_enter  irq.o
    0x080053e4   0x080053e4   0x0000001c   Code   RO         4045    i.rt_interrupt_leave  irq.o
    0x08005400   0x08005400   0x00000020   Code   RO         4075    i.rt_kprintf        kservice.o
    0x08005420   0x08005420   0x0000000e   Code   RO         4348    i.rt_list_insert_after  thread.o
    0x0800542e   0x0800542e   0x0000000e   Code   RO         4456    i.rt_list_insert_after  timer.o
    0x0800543c   0x0800543c   0x00000012   Code   RO         4349    i.rt_list_remove    thread.o
    0x0800544e   0x0800544e   0x00000002   PAD
    0x08005450   0x08005450   0x00000046   Code   RO         4080    i.rt_memset         kservice.o
    0x08005496   0x08005496   0x00000024   Code   RO         4232    i.rt_object_detach  object.o
    0x080054ba   0x080054ba   0x00000002   PAD
    0x080054bc   0x080054bc   0x00000024   Code   RO         4234    i.rt_object_get_information  object.o
    0x080054e0   0x080054e0   0x00000052   Code   RO         4236    i.rt_object_init    object.o
    0x08005532   0x08005532   0x0000000e   Code   RO         4237    i.rt_object_is_systemobject  object.o
    0x08005540   0x08005540   0x00000058   Code   RO         4288    i.rt_schedule       scheduler.o
    0x08005598   0x08005598   0x00000050   Code   RO         4289    i.rt_schedule_insert_thread  scheduler.o
    0x080055e8   0x080055e8   0x00000048   Code   RO         4290    i.rt_schedule_remove_thread  scheduler.o
    0x08005630   0x08005630   0x000000b0   Code   RO         4082    i.rt_show_version   kservice.o
    0x080056e0   0x080056e0   0x00000010   Code   RO         4087    i.rt_strlen         kservice.o
    0x080056f0   0x080056f0   0x00000026   Code   RO         4089    i.rt_strncpy        kservice.o
    0x08005716   0x08005716   0x00000002   PAD
    0x08005718   0x08005718   0x00000034   Code   RO         4291    i.rt_system_scheduler_init  scheduler.o
    0x0800574c   0x0800574c   0x00000028   Code   RO         4292    i.rt_system_scheduler_start  scheduler.o
    0x08005774   0x08005774   0x0000000c   Code   RO         4457    i.rt_system_timer_init  timer.o
    0x08005780   0x08005780   0x00000002   Code   RO         4458    i.rt_system_timer_thread_init  timer.o
    0x08005782   0x08005782   0x00000002   PAD
    0x08005784   0x08005784   0x00000058   Code   RO         4353    i.rt_thread_exit    thread.o
    0x080057dc   0x080057dc   0x00000006   Code   RO         3949    i.rt_thread_idle_entry  idle.o
    0x080057e2   0x080057e2   0x00000002   PAD
    0x080057e4   0x080057e4   0x0000006c   Code   RO         3950    i.rt_thread_idle_excute  idle.o
    0x08005850   0x08005850   0x00000038   Code   RO         3952    i.rt_thread_idle_init  idle.o
    0x08005888   0x08005888   0x00000030   Code   RO         4355    i.rt_thread_init    thread.o
    0x080058b8   0x080058b8   0x0000000e   Code   RO         4356    i.rt_thread_mdelay  thread.o
    0x080058c6   0x080058c6   0x0000003c   Code   RO         4357    i.rt_thread_resume  thread.o
    0x08005902   0x08005902   0x00000002   PAD
    0x08005904   0x08005904   0x0000000c   Code   RO         4358    i.rt_thread_self    thread.o
    0x08005910   0x08005910   0x00000040   Code   RO         4359    i.rt_thread_sleep   thread.o
    0x08005950   0x08005950   0x0000002c   Code   RO         4360    i.rt_thread_startup  thread.o
    0x0800597c   0x0800597c   0x00000042   Code   RO         4361    i.rt_thread_suspend  thread.o
    0x080059be   0x080059be   0x00000020   Code   RO         4362    i.rt_thread_timeout  thread.o
    0x080059de   0x080059de   0x00000002   PAD
    0x080059e0   0x080059e0   0x00000060   Code   RO         4363    i.rt_thread_yield   thread.o
    0x08005a40   0x08005a40   0x00000032   Code   RO         3842    i.rt_tick_from_millisecond  clock.o
    0x08005a72   0x08005a72   0x00000002   PAD
    0x08005a74   0x08005a74   0x0000000c   Code   RO         3843    i.rt_tick_get       clock.o
    0x08005a80   0x08005a80   0x0000002c   Code   RO         3844    i.rt_tick_increase  clock.o
    0x08005aac   0x08005aac   0x00000068   Code   RO         4459    i.rt_timer_check    timer.o
    0x08005b14   0x08005b14   0x00000030   Code   RO         4460    i.rt_timer_control  timer.o
    0x08005b44   0x08005b44   0x00000020   Code   RO         4461    i.rt_timer_detach   timer.o
    0x08005b64   0x08005b64   0x00000030   Code   RO         4462    i.rt_timer_init     timer.o
    0x08005b94   0x08005b94   0x0000008c   Code   RO         4464    i.rt_timer_start    timer.o
    0x08005c20   0x08005c20   0x0000002e   Code   RO         4465    i.rt_timer_stop     timer.o
    0x08005c4e   0x08005c4e   0x00000002   PAD
    0x08005c50   0x08005c50   0x0000027c   Code   RO         4092    i.rt_vsnprintf      kservice.o
    0x08005ecc   0x08005ecc   0x00000004   Code   RO         3884    i.rti_board_end     components.o
    0x08005ed0   0x08005ed0   0x00000004   Code   RO         3885    i.rti_board_start   components.o
    0x08005ed4   0x08005ed4   0x00000004   Code   RO         3886    i.rti_end           components.o
    0x08005ed8   0x08005ed8   0x00000004   Code   RO         3887    i.rti_start         components.o
    0x08005edc   0x08005edc   0x0000002a   Code   RO         3888    i.rtthread_startup  components.o
    0x08005f06   0x08005f06   0x00000002   PAD
    0x08005f08   0x08005f08   0x00000038   Code   RO          942    i.sendend           main.o
    0x08005f40   0x08005f40   0x00000028   Code   RO         4094    i.skip_atoi         kservice.o
    0x08005f68   0x08005f68   0x00000194   Code   RO          943    i.upload_thread_entry  main.o
    0x080060fc   0x080060fc   0x0000001b   Data   RO           59    .constdata          inv_mpu.o
    0x08006117   0x08006117   0x00000001   PAD
    0x08006118   0x08006118   0x0000000c   Data   RO           60    .constdata          inv_mpu.o
    0x08006124   0x08006124   0x00000028   Data   RO           61    .constdata          inv_mpu.o
    0x0800614c   0x0800614c   0x00000408   Data   RO          946    .constdata          main.o
    0x08006554   0x08006554   0x00000020   Data   RO         2061    .constdata          stm32f3xx_hal_rcc.o
    0x08006574   0x08006574   0x00000010   Data   RO         3782    .constdata          system_stm32f3xx.o
    0x08006584   0x08006584   0x00000008   Data   RO         3783    .constdata          system_stm32f3xx.o
    0x0800658c   0x0800658c   0x00000122   Data   RO         4096    .constdata          kservice.o
    0x080066ae   0x080066ae   0x00000002   PAD
    0x080066b0   0x080066b0   0x00000004   Data   RO         3890    .rti_fn.0           components.o
    0x080066b4   0x080066b4   0x00000004   Data   RO         3891    .rti_fn.0.end       components.o
    0x080066b8   0x080066b8   0x00000004   Data   RO         3892    .rti_fn.1.end       components.o
    0x080066bc   0x080066bc   0x00000004   Data   RO         3893    .rti_fn.6.end       components.o
    0x080066c0   0x080066c0   0x00000020   Data   RO         5056    Region$$Table       anon$$obj.o


    Execution Region RW_IRAM2 (Exec base: 0x10000000, Load base: 0x0800672c, Size: 0x00000000, Max: 0x00002000, ABSOLUTE)

    **** No section assigned to this execution region ****


    Execution Region RW_IRAM1 (Exec base: 0x20000000, Load base: 0x080066e0, Size: 0x00006be0, Max: 0x0000a000, ABSOLUTE, COMPRESSED[0x0000004c])

    Exec Addr    Load Addr    Size         Type   Attr      Idx    E Section Name        Object

    0x20000000   COMPRESSED   0x0000002c   Data   RW           63    .data               inv_mpu.o
    0x2000002c   COMPRESSED   0x00000010   Data   RW          777    .data               ads1118.o
    0x2000003c   COMPRESSED   0x0000001f   Data   RW          832    .data               ads1292.o
    0x2000005b   COMPRESSED   0x00000001   PAD
    0x2000005c   COMPRESSED   0x00000050   Data   RW          948    .data               main.o
    0x200000ac   COMPRESSED   0x00000004   Data   RW         1203    .data               usart.o
    0x200000b0   COMPRESSED   0x0000000c   Data   RW         1898    .data               stm32f3xx_hal.o
    0x200000bc   COMPRESSED   0x00000004   Data   RW         3784    .data               system_stm32f3xx.o
    0x200000c0   COMPRESSED   0x00000004   Data   RW         3846    .data               clock.o
    0x200000c4   COMPRESSED   0x00000001   Data   RW         4046    .data               irq.o
    0x200000c5   COMPRESSED   0x00000003   PAD
    0x200000c8   COMPRESSED   0x00000030   Data   RW         4239    .data               object.o
    0x200000f8   COMPRESSED   0x00000014   Data   RW         4294    .data               scheduler.o
    0x2000010c   COMPRESSED   0x0000000c   Data   RW         4466    .data               timer.o
    0x20000118   COMPRESSED   0x00000004   Data   RW         4535    .data               cpuport.o
    0x2000011c   COMPRESSED   0x00000004   Data   RW         4536    .data               cpuport.o
    0x20000120   COMPRESSED   0x00000004   Data   RW         4537    .data               cpuport.o
    0x20000124   COMPRESSED   0x00000004   Data   RW         4538    .data               cpuport.o
    0x20000128   COMPRESSED   0x00000004   Data   RW         5025    .data               mc_w.l(stdout.o)
    0x2000012c        -       0x00000020   Zero   RW          776    .bss                ads1118.o
    0x2000014c        -       0x0000000c   Zero   RW          831    .bss                ads1292.o
    0x20000158        -       0x00005cb0   Zero   RW          944    .bss                main.o
    0x20005e08        -       0x0000004c   Zero   RW         1091    .bss                i2c.o
    0x20005e54        -       0x000000c8   Zero   RW         1137    .bss                spi.o
    0x20005f1c        -       0x000001d0   Zero   RW         1202    .bss                usart.o
    0x200060ec   COMPRESSED   0x00000004   PAD
    0x200060f0        -       0x00000478   Zero   RW         3889    .bss                components.o
    0x20006568        -       0x000000f8   Zero   RW         3953    .bss                idle.o
    0x20006660        -       0x00000080   Zero   RW         4095    .bss                kservice.o
    0x200066e0        -       0x00000100   Zero   RW         4293    .bss                scheduler.o
    0x200067e0        -       0x00000400   Zero   RW            1    STACK               startup_stm32f303xc.o


==============================================================================

Image component sizes


      Code (inc. data)   RO Data    RW Data    ZI Data      Debug   Object Name

        64          8          0         16         32       3117   ads1118.o
      1060         46          0         31         12       9988   ads1292.o
        94         10          0          0          0       2127   board.o
       106         12          0          4          0       2140   clock.o
       198         32         16          0       1144       7020   components.o
       308         26          0          0          0        912   context_rvds.o
       588        344          0         16          0       4422   cpuport.o
       100          8          0          0          0       8215   func.o
       360         24          0          0          0       1135   gpio.o
       188         24          0          0         76       1725   i2c.o
       190         26          0          0        248       6138   idle.o
        84          4         79         44          0     569430   inv_mpu.o
        56          0          0          0          0        743   inv_mpu_dmp_motion_driver.o
        56         12          0          1          0       1910   irq.o
      1382        158        290          0        128      11787   kservice.o
      2482        550       1032         80      23728      25207   main.o
       168          6          0         48          0       6800   object.o
       416         56          0         20        256       9050   scheduler.o
       472         54          0          0        200       4154   spi.o
        36          8        392          0       1024        840   startup_stm32f303xc.o
       164         28          0         12          0      13469   stm32f3xx_hal.o
       198         14          0          0          0      33975   stm32f3xx_hal_cortex.o
       144          0          0          0          0       1783   stm32f3xx_hal_dma.o
       490         34          0          0          0       3728   stm32f3xx_hal_gpio.o
      1538         40          0          0          0      11786   stm32f3xx_hal_i2c.o
       168          0          0          0          0       1923   stm32f3xx_hal_i2c_ex.o
        48          4          0          0          0        874   stm32f3xx_hal_msp.o
      2012         76         32          0          0       5844   stm32f3xx_hal_rcc.o
       536         14          0          0          0       1592   stm32f3xx_hal_rcc_ex.o
      1300          8          0          0          0       6357   stm32f3xx_hal_spi.o
      2282         68          0          0          0      14593   stm32f3xx_hal_uart.o
         2          0          0          0          0       1024   stm32f3xx_hal_uart_ex.o
        18          0          0          0          0       2824   stm32f3xx_it.o
       128         26         24          4          0       1823   system_stm32f3xx.o
       684         44          0          0          0      12434   thread.o
       464         14          0         12          0      10816   timer.o
       472         64          0          4        464       3845   usart.o

    ----------------------------------------------------------------------
     19098       1842       1900        296      27316     805550   Object Totals
         0          0         32          0          0          0   (incl. Generated)
        42          0          3          4          4          0   (incl. Padding)

    ----------------------------------------------------------------------

      Code (inc. data)   RO Data    RW Data    ZI Data      Debug   Library Member Name

      1330          6          0          0          0      20102   arm_fir_f32.o
        28          0          0          0          0       1107   arm_fir_init_f32.o
        86          0          0          0          0          0   __dczerorl2.o
         0          0          0          0          0          0   entry.o
         0          0          0          0          0          0   entry10a.o
         0          0          0          0          0          0   entry11a.o
         4          0          0          0          0          0   entry12b.o
         8          4          0          0          0          0   entry2.o
         4          0          0          0          0          0   entry5.o
         0          0          0          0          0          0   entry7b.o
         0          0          0          0          0          0   entry8b.o
         8          4          0          0          0          0   entry9a.o
        30          0          0          0          0          0   handlers.o
        36          8          0          0          0         68   init.o
         0          0          0          0          0          0   iusefp.o
        30          0          0          0          0         68   llshl.o
        36          0          0          0          0         68   llsshr.o
        32          0          0          0          0         68   llushr.o
        36          0          0          0          0        108   memseta.o
      2218         90          0          0          0        464   printfa.o
         0          0          0          4          0          0   stdout.o
        44          0          0          0          0         80   uidiv.o
        98          0          0          0          0         92   uldiv.o
        48          0          0          0          0         68   cdrcmple.o
        56          0          0          0          0         88   d2f.o
       334          0          0          0          0        148   dadd.o
       222          0          0          0          0        100   ddiv.o
       186          0          0          0          0        176   depilogue.o
        48          0          0          0          0         68   dfixul.o
        34          0          0          0          0         76   dflti.o
       228          0          0          0          0         96   dmul.o
        38          0          0          0          0         68   f2d.o
       110          0          0          0          0        168   fepilogue.o

    ----------------------------------------------------------------------
      5338        112          0          4          0      23281   Library Totals
         6          0          0          0          0          0   (incl. Padding)

    ----------------------------------------------------------------------

      Code (inc. data)   RO Data    RW Data    ZI Data      Debug   Library Name

      1358          6          0          0          0      21209   arm_cortexM4lf_math.lib
      2670        106          0          4          0       1016   mc_w.l
      1304          0          0          0          0       1056   mf_w.l

    ----------------------------------------------------------------------
      5338        112          0          4          0      23281   Library Totals

    ----------------------------------------------------------------------

==============================================================================


      Code (inc. data)   RO Data    RW Data    ZI Data      Debug   

     24436       1954       1900        300      27316     811227   Grand Totals
     24436       1954       1900         76      27316     811227   ELF Image Totals (compressed)
     24436       1954       1900         76          0          0   ROM Totals

==============================================================================

    Total RO  Size (Code + RO Data)                26336 (  25.72kB)
    Total RW  Size (RW Data + ZI Data)             27616 (  26.97kB)
    Total ROM Size (Code + RO Data + RW Data)      26412 (  25.79kB)

==============================================================================

