<html>
<body>
<pre>
<h1>礦ision Build Log</h1>
<h2>Tool Versions:</h2>
IDE-Version: μVision V5.35.0.0
Copyright (C) 2021 ARM Ltd and ARM Germany GmbH. All rights reserved.
License Information: li li, li, LIC=IK1BF-6V252-MMI9I-T3MQ6-3RT75-XAXTC
 
Tool Versions:
Toolchain:       MDK-ARM Plus  Version: 5.35.0.2
Toolchain Path:  C:\Keil_v5\ARM\ARMCC\Bin
C Compiler:      Armcc.exe V5.06 update 7 (build 960)
Assembler:       Armasm.exe V5.06 update 7 (build 960)
Linker/Locator:  ArmLink.exe V5.06 update 7 (build 960)
Library Manager: ArmAr.exe V5.06 update 7 (build 960)
Hex Converter:   FromElf.exe V5.06 update 7 (build 960)
CPU DLL:         SARMCM3.DLL V5.35.0.2
Dialog DLL:      DCM.DLL V1.17.3.0
Target DLL:      STLink\ST-LINKIII-KEIL_SWO.dll V3.0.9.0
Dialog DLL:      TCM.DLL V1.53.0.0
 
<h2>Project:</h2>
C:\Users\magic\Desktop\ds\motion_node_stm\MDK-ARM\motion_node_stm.uvprojx
Project File Date:  07/31/2021

<h2>Output:</h2>
*** Using Compiler 'V5.06 update 7 (build 960)', folder: 'C:\Keil_v5\ARM\ARMCC\Bin'
Build target 'motion_node_stm'
compiling context_rvds.S...
compiling main.c...
../Drivers/CMSIS/Device/ST/STM32F3xx/Include/stm32f303xc.h(52): warning:  #47-D: incompatible redefinition of macro "__FPU_PRESENT" 
  #define __FPU_PRESENT             1U       /*!< STM32F303xC devices provide an FPU */
../Core/Inc/ads1292.h(25): warning:  #47-D: incompatible redefinition of macro "CS_L"  (declared at line 10 of "../Core/Inc/ads1118.h")
  #define CS_L      	HAL_GPIO_WritePin(GPIOD, GPIO_PIN_14, GPIO_PIN_RESET)
../Core/Inc/ads1292.h(26): warning:  #47-D: incompatible redefinition of macro "CS_H"  (declared at line 9 of "../Core/Inc/ads1118.h")
  #define CS_H     		HAL_GPIO_WritePin(GPIOD, GPIO_PIN_14, GPIO_PIN_SET)
../Core/Src/main.c(420): warning:  #550-D: variable "len"  was set but never used
  		int len;
../Core/Src/main.c(507): warning:  #1035-D: single-precision operand implicitly converted to double-precision
  			hu_temper += (205.5894);//
../Core/Src/main.c(594): warning:  #223-D: function "ADS1292_Single_Read" declared implicitly
  	ADS1292_Single_Read();
../Core/Src/main.c(138): warning:  #177-D: variable "Input_data1"  was declared but never referenced
  static float32_t Input_data1; 					// 输入缓冲区
../Core/Src/main.c(143): warning:  #177-D: variable "Output_data1"  was declared but never referenced
  static float32_t Output_data1;         // 输出缓冲区
../Core/Src/main.c: 8 warnings, 0 errors
linking...
Program Size: Code=24436 RO-data=1900 RW-data=300 ZI-data=27316  
FromELF: creating hex file...
"motion_node_stm\motion_node_stm.axf" - 0 Error(s), 8 Warning(s).

<h2>Software Packages used:</h2>

Package Vendor: ARM
                http://www.keil.com/pack/ARM.CMSIS.5.8.0.pack
                ARM.CMSIS.5.8.0
                CMSIS (Common Microcontroller Software Interface Standard)
   * Component: CORE Version: 5.5.0

Package Vendor: Keil
                http://www.keil.com/pack/Keil.STM32F3xx_DFP.2.1.0.pack
                Keil.STM32F3xx_DFP.2.1.0
                STMicroelectronics STM32F3 Series Device Support and Examples

<h2>Collection of Component include folders:</h2>
  .\RTE\_motion_node_stm
  C:\Users\magic\AppData\Local\Arm\Packs\ARM\CMSIS\5.8.0\CMSIS\Core\Include
  C:\Users\magic\AppData\Local\Arm\Packs\Keil\STM32F3xx_DFP\2.1.0\Drivers\CMSIS\Device\ST\STM32F3xx\Include

<h2>Collection of Component Files used:</h2>

   * Component: ARM::CMSIS:CORE:5.5.0
      Include file:  CMSIS\Core\Include\tz_context.h
Build Time Elapsed:  00:00:06
</pre>
</body>
</html>
